---
source: crates/wamex_object/src/analysis/split_point.rs
expression: split_info_output
---
=== Split Program Structure ===

Module #0: main
  Defined symbols: 815
    0 <__wasm_split_00string_from_static00_import_17997317cc392c52ed3bea15880aab65_string_from_static>
    1 <__wasm_split_00static_str00_import_776d8e51aac0782b17e57d45872c52d7_static_str>
    2 <wasm_bindgen::__wbindgen_string_new::hf591ae4d10501fb5>
    3 <wasm_bindgen::__wbindgen_object_drop_ref::h20f7b16803b27589>
    4 <__wasm_split_load_string_from_static>
    5 <__wasm_split_load_static_str>
    6 <js_sys::Promise::new::__wbg_new_ac7361beaf933ba6::h7a144f61a087f9a8>
    7 <wasm_bindgen::__wbindgen_describe::h61a994b93b07dc42>
    8 <js_sys::Function::call1::__wbg_call_a34b6b4765f27be0::h890fb55913df171c>
    9 <js_sys::global::get_global_object::Global::get_self::__wbg_self_cca3ca60d61220f4::h4899de7429fbc907>
    10 <js_sys::global::get_global_object::Global::get_window::__wbg_window_2aba046d3fc4ad7c::h61843fc1f6e8461c>
    11 <js_sys::global::get_global_object::Global::get_global_this::__wbg_globalThis_6b4d52a0b6aaeaea::hd145529b38774dfa>
    12 <js_sys::global::get_global_object::Global::get_global::__wbg_global_49324ce12193de77::he4ce3c40ead384ac>
    13 <wasm_bindgen::__wbindgen_is_undefined::hc8a5e30dc71a60e7>
    14 <js_sys::Function::new_no_args::__wbg_newnoargs_a136448eeb7d48ac::h8a2cbe73f57c26d2>
    15 <js_sys::Function::call0::__wbg_call_0ad083564791763a::h4f3771cba277def5>
    16 <wasm_bindgen::__wbindgen_throw::h052e0e9f068f11c7>
    17 <wasm_bindgen::externref::__wbindgen_externref_table_grow::h27433384effa9ad1>
    18 <wasm_bindgen::externref::__wbindgen_externref_table_set_null::hae1e33ac6fd625f5>
    19 <wasm_bindgen::__wbindgen_object_clone_ref::h68eb17dc94150f6c>
    20 <wasm_bindgen_futures::queue::Global::hasQueueMicrotask::__wbg_queueMicrotask_6808622725a52272::hcac84557cc01c6e2>
    21 <wasm_bindgen::__wbindgen_is_function::hae0a2d9d13c7e81e>
    22 <js_sys::Promise::resolve::__wbg_resolve_267ff08e7e1d2ce4::h5b4cb99153cb366b>
    23 <wasm_bindgen::__wbindgen_cb_drop::h7aa11839e8f159a2>
    24 <js_sys::Promise::then::__wbg_then_84907e7a6730461e::ha14a2cfb0f5d940a>
    25 <wasm_bindgen_futures::queue::queueMicrotask::__wbg_queueMicrotask_ef0e86b0263a71ee::h89b8189926b301d4>
    26 <wasm_bindgen::__wbindgen_describe_closure::h7d02250f8844ec91>
    27 <wasm_split::ensure_loaded::{{closure}}::ha5d82907191a17ce>
    28 <std::sync::poison::mutex::Mutex<T>::lock::h21f886f1174a0319>
    29 <dlmalloc::dlmalloc::Dlmalloc<A>::malloc::h6dc9611e5a260cc8>
    30 <core::ptr::drop_in_place<core::option::Option<alloc::vec::Vec<core::task::wake::Waker>>>::h43156b5ad0e71cfd>
    31 <alloc::raw_vec::RawVec<T,A>::grow_one::h0755801e3521229c>
    32 <core::ptr::drop_in_place<async_once_cell::Step>::h0362a8ee02cf7236>
    33 <async_once_cell::Inner::initialize::h0aaca25c578e4bb3>
    34 <<async_once_cell::QueueRef as core::ops::drop::Drop>::drop::h8c9b3d106df0bcd6>
    35 <<wasm_split::SplitLoaderFuture as core::future::future::Future>::poll::h23c6e3099f00b525>
    36 <alloc::rc::Rc<T,A>::drop_slow::hf01073cf31767f50>
    37 <core::mem::drop::h7f682309996eac29>
    38 <std::thread::local::panic_access_error::h059eb2e433c7ef8d>
    39 <core::option::expect_failed::hf548ca1fbf4f5a7d>
    40 <core::panicking::panic_const::panic_const_async_fn_resumed::hb229ab878dda2306>
    41 <<async_once_cell::QuickInitGuard as core::ops::drop::Drop>::drop::h57d7b78401cc0fea>
    42 <alloc::rc::Rc<T,A>::drop_slow::hcb71c1ef84379163>
    43 <wasm_bindgen_futures::future_to_promise::{{closure}}::hbdc5d332ffe341b0>
    44 <wasm_bindgen_futures::task::singlethread::Task::spawn::h891806e444e79b53>
    45 <wasm_bindgen::throw_str::h79bfa6c54192c470>
    46 <wasm_bindgen_futures::future_to_promise::{{closure}}::{{closure}}::hf8b48fabfb2e0c9e>
    47 <<&T as core::fmt::Display>::fmt::h46f060fbeb711644>
    48 <alloc::fmt::format::format_inner::h2774eb6c7201fb2a>
    49 <core::ptr::drop_in_place<wasm_split::ensure_loaded::{{closure}}>::h10a687e34f02efe2>
    50 <core::option::unwrap_failed::hd28a1cf38a5f885e>
    51 <<core::pin::Pin<Ptr> as core::fmt::Display>::fmt::h63013ef8896a2483>
    52 <alloc::raw_vec::RawVecInner<A>::deallocate::h2246fdcf05d848bb>
    53 <__rustc[79a240ffca3c5d2f]::__rust_dealloc>
    54 <<core::pin::Pin<Ptr> as core::fmt::Display>::fmt::h3dfce95afebe7f8f>
    55 <core::ptr::drop_in_place<example::print_lazy_loaded_string::{{closure}}>::h444dafca90da78ee>
    56 <core::ptr::drop_in_place<example::_::__wasm_bindgen_generated_print_lazy_loaded_string::{{closure}}>::hf4cc1c0c23293209>
    57 <js_sys::Function::call1::hd57248792da1491f>
    58 <std::sys::thread_local::no_threads::LazyStorage<T>::initialize::hbc066741d5c31e32>
    59 <wasm_split::LazySplitLoader::new::hafb4682f1ef23e95>
    60 <std::sys::thread_local::no_threads::LazyStorage<T>::initialize::he969f2e31e6b728d>
    61 <<async_once_cell::QueueHead as core::ops::drop::Drop>::drop::h7992b46f9eb4cff0>
    62 <core::ops::function::FnOnce::call_once{{vtable.shim}}::hdb806480babc8434>
    63 <core::ops::function::FnOnce::call_once::h20c204fd51280f17>
    64 <core::ops::function::FnOnce::call_once::h7fd976547ee79da5>
    65 <core::ptr::drop_in_place<wasm_bindgen_futures::future_to_promise<example::_::__wasm_bindgen_generated_print_lazy_loaded_string::{{closure}}>::{{closure}}::{{closure}}>::h2eb914b4914f937d>
    66 <core::fmt::Formatter::pad::hd19c0bc035513691>
    69 <alloc::raw_vec::handle_error::hffd4f9c6873ec0fb>
    70 <print_lazy_loaded_string>
    71 <__wbindgen_describe_print_lazy_loaded_string>
    72 <dlmalloc::dlmalloc::Dlmalloc<A>::free::h65a3c82591778cf3>
    73 <core::panicking::panic::h7056c16eb2f7d5e2>
    74 <__rustc[79a240ffca3c5d2f]::__rust_realloc>
    75 <dlmalloc::dlmalloc::Dlmalloc<A>::memalign::h685c55c680405513>
    76 <dlmalloc::dlmalloc::Dlmalloc<A>::unlink_chunk::hab175a273edf7115>
    77 <dlmalloc::dlmalloc::Dlmalloc<A>::dispose_chunk::h7ad12a696dbfcdb3>
    78 <alloc::raw_vec::finish_grow::h6095165c77420f23>
    79 <alloc::raw_vec::capacity_overflow::h186860d558d1cdb1>
    80 <core::panicking::panic_fmt::h95bef13e22b90182>
    81 <alloc::raw_vec::RawVecInner<A>::reserve::do_reserve_and_handle::hd3aa1d9f2af0f9c7>
    82 <core::fmt::write::hb85a3dd9b171f7ca>
    83 <core::result::unwrap_failed::h83f5069e4f517ac9>
    84 <<core::fmt::Error as core::fmt::Debug>::fmt::h7dde34acca5f97cb>
    85 <core::ptr::drop_in_place<alloc::string::String>::h58b386670e9fd7a3>
    86 <<alloc::string::String as core::fmt::Write>::write_str::h3844d3de31d4d20f>
    87 <<alloc::string::String as core::fmt::Write>::write_char::hfce5597c22aa7f43>
    88 <core::fmt::Write::write_fmt::h1cff29b70616e2c6>
    89 <alloc::raw_vec::RawVecInner<A>::deallocate::he8bc1682703b1be6>
    90 <core::panicking::assert_failed::h38eb03705053ebb7>
    91 <<&T as core::fmt::Debug>::fmt::h61c41d29e55a25bc>
    92 <<bool as core::fmt::Debug>::fmt::h77532519fa8c6cbc>
    93 <core::fmt::builders::DebugStruct::field::hf5f0e10c0d23e50d>
    94 <core::fmt::num::<impl core::fmt::Debug for usize>::fmt::hb041f9c4e8f4ee42>
    95 <<*mut T as core::fmt::Debug>::fmt::h6dc6c3d0c495d6c8>
    96 <core::fmt::builders::DebugStruct::finish::h111fe3070a9c5829>
    97 <core::fmt::Formatter::pad_integral::h4ada957bfa3d7062>
    98 <<bool as core::fmt::Display>::fmt::hbce3ae6568c4572c>
    99 <<&T as core::fmt::Debug>::fmt::hae39036718d4bbef>
    100 <alloc::raw_vec::finish_grow::h49c5c8da7f64ab4b>
    101 <async_once_cell::with_lock::hf1ee30519e479ed2>
    102 <core::ptr::drop_in_place<async_once_cell::QuickInitGuard>::h505400b5c5bbd6a2>
    103 <<async_once_cell::QuickInitGuard as core::fmt::Debug>::fmt::h1035a711cfb7884a>
    104 <__rustc[79a240ffca3c5d2f]::rust_begin_unwind>
    105 <core::fmt::Formatter::pad_integral::write_prefix::h2ab7eaf03dfcbbed>
    106 <core::panicking::assert_failed_inner::hbc821832ff9b282b>
    107 <<&T as core::fmt::Debug>::fmt::h72573d4c59e2292e>
    108 <<core::fmt::Arguments as core::fmt::Display>::fmt::h51c4f049cf1ece41>
    109 <<&T as core::fmt::Display>::fmt::ha386fd404de55b96>
    110 <<core::cell::BorrowError as core::fmt::Display>::fmt::h656ef206c92d3360>
    111 <<core::cell::BorrowMutError as core::fmt::Display>::fmt::hbb3292f24f1d586f>
    112 <core::cell::panic_already_borrowed::hd3c5a4edee9609cc>
    113 <core::cell::panic_already_borrowed::do_panic::runtime::ha87bd3b13c005fcb>
    114 <core::cell::panic_already_mutably_borrowed::hfb639ac7ed2fea94>
    115 <core::cell::panic_already_mutably_borrowed::do_panic::runtime::h6d346ff45521a8c2>
    116 <<core::fmt::builders::PadAdapter as core::fmt::Write>::write_str::h0e98855b968ab952>
    117 <<core::fmt::builders::PadAdapter as core::fmt::Write>::write_char::hd1e2df70e1b29341>
    118 <core::fmt::Write::write_fmt::h2f95486555028088>
    119 <js_sys::_::<impl wasm_bindgen::describe::WasmDescribe for js_sys::Boolean>::describe::h2064fadd8163e108>
    120 <js_sys::_::<impl wasm_bindgen::describe::WasmDescribe for js_sys::Map>::describe::h01462276180c3fbc>
    121 <js_sys::_::<impl wasm_bindgen::describe::WasmDescribe for js_sys::Uint32Array>::describe::hdda951999b1f0fa1>
    122 <js_sys::_::<impl wasm_bindgen::describe::WasmDescribe for js_sys::Int16Array>::describe::h54617eb34fac3ea3>
    123 <js_sys::_::<impl wasm_bindgen::describe::WasmDescribe for js_sys::DataView>::describe::h219e57be239ed6ed>
    124 <js_sys::_::<impl wasm_bindgen::describe::WasmDescribe for js_sys::WeakSet>::describe::h405df4b3c92ce712>
    125 <js_sys::_::<impl wasm_bindgen::describe::WasmDescribe for js_sys::JsString>::describe::h0252b3e65ecd3c2b>
    126 <js_sys::_::<impl wasm_bindgen::describe::WasmDescribe for js_sys::Function>::describe::h176163b0053c953b>
    127 <js_sys::_::<impl wasm_bindgen::describe::WasmDescribe for js_sys::Object>::describe::h006a8f786a620f52>
    128 <js_sys::_::<impl wasm_bindgen::describe::WasmDescribe for js_sys::RegExp>::describe::hde05a895aea04d19>
    129 <js_sys::_::<impl wasm_bindgen::describe::WasmDescribe for js_sys::BigInt64Array>::describe::h17927091ca540579>
    130 <js_sys::_::<impl wasm_bindgen::describe::WasmDescribe for js_sys::Symbol>::describe::h3f7e2db7d2ff90d9>
    131 <js_sys::_::<impl wasm_bindgen::describe::WasmDescribe for js_sys::Int32Array>::describe::h8dce926c2110bec0>
    132 <js_sys::_::<impl wasm_bindgen::describe::WasmDescribe for js_sys::Array>::describe::h5b652081b809a4ce>
    133 <js_sys::_::<impl wasm_bindgen::describe::WasmDescribe for js_sys::Error>::describe::h3e1fd4493bb9edb8>
    134 <js_sys::_::<impl wasm_bindgen::describe::WasmDescribe for js_sys::BigUint64Array>::describe::h4281269b2d16b376>
    135 <js_sys::_::<impl wasm_bindgen::describe::WasmDescribe for js_sys::BigInt>::describe::h9ff06527da9ce73d>
    136 <js_sys::_::<impl wasm_bindgen::describe::WasmDescribe for js_sys::Float64Array>::describe::hc92575a6d6daca5c>
    137 <js_sys::_::<impl wasm_bindgen::describe::WasmDescribe for js_sys::Promise>::describe::h587a42d7bb135588>
    138 <js_sys::_::<impl wasm_bindgen::describe::WasmDescribe for js_sys::Uint8Array>::describe::h62372fe0ed9649e5>
    139 <js_sys::_::<impl wasm_bindgen::describe::WasmDescribe for js_sys::Iterator>::describe::h18ebcc4d46eb5f2b>
    140 <js_sys::_::<impl wasm_bindgen::describe::WasmDescribe for js_sys::Set>::describe::h5c4799d116ebc31a>
    141 <js_sys::_::<impl wasm_bindgen::describe::WasmDescribe for js_sys::Number>::describe::h23c3e4b73d476648>
    142 <js_sys::_::<impl wasm_bindgen::describe::WasmDescribe for js_sys::SharedArrayBuffer>::describe::h814e7665a0dedd47>
    143 <js_sys::_::<impl wasm_bindgen::describe::WasmDescribe for js_sys::Generator>::describe::h05489b55255d2e60>
    144 <js_sys::_::<impl wasm_bindgen::describe::WasmDescribe for js_sys::ArrayBuffer>::describe::h209f184c14349e7a>
    145 <js_sys::_::<impl wasm_bindgen::describe::WasmDescribe for js_sys::Int8Array>::describe::ha09797af2c222da2>
    146 <js_sys::_::<impl wasm_bindgen::describe::WasmDescribe for js_sys::WeakMap>::describe::ha3d1ff80799c5e14>
    147 <js_sys::_::<impl wasm_bindgen::describe::WasmDescribe for js_sys::Uint8ClampedArray>::describe::h571b8e501e6f74ef>
    148 <js_sys::_::<impl wasm_bindgen::describe::WasmDescribe for js_sys::Float32Array>::describe::hb6143431889a8336>
    149 <js_sys::_::<impl wasm_bindgen::describe::WasmDescribe for js_sys::Date>::describe::h41f62a6a4237a88e>
    150 <js_sys::_::<impl wasm_bindgen::describe::WasmDescribe for js_sys::Uint16Array>::describe::h989917fac986fd5e>
    151 <js_sys::_::<impl wasm_bindgen::describe::WasmDescribe for js_sys::IteratorNext>::describe::hb4d229bc920cbc5a>
    152 <__wbindgen_describe___wbg_decodeURIComponent_a8e924efdf198e65>
    153 <__wbindgen_describe___wbg_eval_d20089e12db29559>
    154 <__wbindgen_describe___wbg_parseInt_bbbda2e0fc59f8bf>
    155 <__wbindgen_describe___wbg_new_e2d07398d7689006>
    156 <__wbindgen_describe___wbg_newwithlength_88b49de1eb24d63e>
    157 <__wbindgen_describe___wbg_at_1abf0efc31a7fc6e>
    158 <__wbindgen_describe___wbg_get_0c3cc364764a0b98>
    159 <__wbindgen_describe___wbg_set_93ba9407b5476ec6>
    160 <__wbindgen_describe___wbg_delete_c5fa77e659cedc13>
    161 <__wbindgen_describe___wbg_from_3aa0fcaa8eef0104>
    162 <__wbindgen_describe___wbg_copyWithin_c7db88e1373c8b23>
    163 <__wbindgen_describe___wbg_concat_b7cf6b6d57f30cc9>
    164 <__wbindgen_describe___wbg_every_8b315d73e5080f3f>
    165 <<&mut T as wasm_bindgen::describe::WasmDescribe>::describe::h564e1d7e3b1b99aa>
    166 <__wbindgen_describe___wbg_fill_839d08edf23ed6df>
    167 <__wbindgen_describe___wbg_filter_7e2996638900e1d7>
    168 <__wbindgen_describe___wbg_find_d0bfe85a67028d86>
    169 <__wbindgen_describe___wbg_findIndex_fba8b3bd76912b63>
    170 <__wbindgen_describe___wbg_flat_71c9f15786d3f75e>
    171 <__wbindgen_describe___wbg_flatMap_1c303dcb962239b4>
    172 <wasm_bindgen::convert::closures::invoke3_mut::h0072925685958a8b>
    173 <__wbindgen_describe___wbg_forEach_dacccf1786d50f5f>
    174 <wasm_bindgen::convert::closures::invoke3_mut::h246e5313dcbfdd5c>
    175 <__wbindgen_describe___wbg_includes_4d64b03cd650dd50>
    176 <__wbindgen_describe___wbg_indexOf_752d784e5b12bd58>
    177 <__wbindgen_describe___wbg_isArray_8738f1062fa88586>
    178 <__wbindgen_describe___wbg_join_9eddc0587df02e59>
    179 <__wbindgen_describe___wbg_length_12246a78d2f65d3a>
    180 <__wbindgen_describe___wbg_map_f903a5430255ab39>
    181 <wasm_bindgen::convert::closures::invoke3_mut::hf59559632ae23775>
    182 <__wbindgen_describe___wbg_of_894f51209b51cdf4>
    183 <__wbindgen_describe___wbg_of_968f342775805f3a>
    184 <__wbindgen_describe___wbg_of_e50cd0201df50c33>
    185 <__wbindgen_describe___wbg_of_aa8ce5dda0a8b77e>
    186 <__wbindgen_describe___wbg_pop_995c54787d50d46a>
    187 <__wbindgen_describe___wbg_push_e7d7247e69dad3ee>
    188 <__wbindgen_describe___wbg_reduceRight_320e5d6d4b37303a>
    189 <<&mut T as wasm_bindgen::describe::WasmDescribe>::describe::h0fb2cb23d65c1991>
    190 <__wbindgen_describe___wbg_reverse_de1cce1c21d06bf7>
    191 <__wbindgen_describe___wbg_slice_1adc1ec263416332>
    192 <__wbindgen_describe___wbg_some_b146177112bc12d4>
    193 <wasm_bindgen::convert::closures::invoke1_mut::hcd57c69cff56432c>
    194 <__wbindgen_describe___wbg_splice_34dcf13caf5e72d4>
    195 <__wbindgen_describe___wbg_toLocaleString_047d7251bb196d14>
    196 <__wbindgen_describe___wbg_toString_cd0e898a84b71db3>
    197 <__wbindgen_describe___wbg_new_b8892b29da3e1f4f>
    198 <__wbindgen_describe___wbg_byteLength_249a2b65c8315d45>
    199 <__wbindgen_describe___wbg_slice_cfd9be7f38c03624>
    200 <__wbindgen_describe___wbg_slice_1ce88459a1591604>
    201 <__wbindgen_describe___wbg_new_48a9a838b4e67314>
    202 <__wbindgen_describe___wbg_byteLength_5372ed1e7a498d8b>
    203 <__wbindgen_describe___wbg_slice_77755760ad3b29c2>
    204 <__wbindgen_describe___wbg_slice_a18e825e564c8ff1>
    205 <__wbindgen_describe___wbg_entries_f769ac2219e993fa>
    206 <__wbindgen_describe___wbg_BigInt_620548e2f5af9686>
    207 <__wbindgen_describe___wbg_asIntN_23d288b647ece1f8>
    208 <__wbindgen_describe___wbg_toLocaleString_689d242abd2edcd3>
    209 <__wbindgen_describe___wbg_toString_976949cf829e9dca>
    210 <__wbindgen_describe___wbg_toString_d5ef649a03a35a97>
    211 <__wbindgen_describe___wbg_valueOf_d94641524bda33f2>
    212 <__wbindgen_describe___wbg_new_a74ba185f3d463be>
    213 <__wbindgen_describe___wbg_valueOf_44f57c9d9ab6cbcc>
    214 <__wbindgen_describe___wbg_new_442a01c340625e5e>
    215 <__wbindgen_describe___wbg_newwithsharedarraybuffer_c64bd9494db5ea3e>
    216 <__wbindgen_describe___wbg_buffer_68d1ede7891b3f27>
    217 <__wbindgen_describe___wbg_byteLength_67031b3e2b546fdf>
    218 <__wbindgen_describe___wbg_getInt8_a1c93e6caa26b380>
    219 <__wbindgen_describe___wbg_getUint8_9775109ab12071aa>
    220 <__wbindgen_describe___wbg_getInt16_2c494f3019c57c35>
    221 <__wbindgen_describe___wbg_getInt16_c70f5952012b2fb1>
    222 <__wbindgen_describe___wbg_getUint16_206d4e2d31a4c2e0>
    223 <__wbindgen_describe___wbg_getUint16_415a566d21b50939>
    224 <__wbindgen_describe___wbg_getInt32_4b8fd738e765a6c5>
    225 <__wbindgen_describe___wbg_getInt32_ab8ca1fc316f569c>
    226 <__wbindgen_describe___wbg_getUint32_b9cd884748bb4195>
    227 <__wbindgen_describe___wbg_getUint32_63d45e4587073756>
    228 <__wbindgen_describe___wbg_getFloat32_00eca882e0792e82>
    229 <__wbindgen_describe___wbg_getFloat32_d4c01f5f67a223eb>
    230 <__wbindgen_describe___wbg_getFloat64_942ba3ad7bf5fdda>
    231 <__wbindgen_describe___wbg_getFloat64_ad085842cc8edd69>
    232 <__wbindgen_describe___wbg_setInt8_4098b814ab9c1212>
    233 <__wbindgen_describe___wbg_setUint8_cb378b59e8d99d0d>
    234 <__wbindgen_describe___wbg_setInt16_0a181a25242d3330>
    235 <__wbindgen_describe___wbg_setInt16_46512c71a89a16d4>
    236 <__wbindgen_describe___wbg_setUint16_3d8c3a7bd0580817>
    237 <__wbindgen_describe___wbg_setUint16_7b5ab6d7046eae22>
    238 <__wbindgen_describe___wbg_setInt32_195dc7df134b97ac>
    239 <__wbindgen_describe___wbg_setInt32_5faa6693b0d2c55a>
    240 <__wbindgen_describe___wbg_setUint32_193bdfa9bd572cc3>
    241 <__wbindgen_describe___wbg_setUint32_2726c9067eca9128>
    242 <__wbindgen_describe___wbg_setFloat32_9343f6a20c17b686>
    243 <__wbindgen_describe___wbg_setFloat32_ffb62d9a11f46c83>
    244 <__wbindgen_describe___wbg_setFloat64_c0a9a50561819606>
    245 <__wbindgen_describe___wbg_setFloat64_842c64b1e72bd83a>
    246 <__wbindgen_describe___wbg_new_6ac2a82ee00370b2>
    247 <__wbindgen_describe___wbg_newwithoptions_4a88b19008de7922>
    248 <__wbindgen_describe___wbg_cause_79507dc25db854f5>
    249 <__wbindgen_describe___wbg_setcause_4f0c467c6c843e5a>
    250 <__wbindgen_describe___wbg_message_6b6d81e3ec937f34>
    251 <__wbindgen_describe___wbg_setmessage_bb2083d2da37bd63>
    252 <js_sys::_::<impl wasm_bindgen::describe::WasmDescribe for js_sys::EvalError>::describe::h7eac6d18bd8974ad>
    253 <__wbindgen_describe___wbg_new_48c5a5e39157e04e>
    254 <__wbindgen_describe___wbg_newwithargs_f89ab26432777474>
    255 <__wbindgen_describe___wbg_newnoargs_a136448eeb7d48ac>
    256 <__wbindgen_describe___wbg_apply_0a14787340d769ec>
    257 <__wbindgen_describe___wbg_call_0ad083564791763a>
    258 <__wbindgen_describe___wbg_call_a34b6b4765f27be0>
    259 <__wbindgen_describe___wbg_call_efe5a4db7065d1a2>
    260 <__wbindgen_describe___wbg_call_d00953b926be4879>
    261 <__wbindgen_describe___wbg_bind_0f1923cecb892261>
    262 <__wbindgen_describe___wbg_bind_081e44f346f54911>
    263 <__wbindgen_describe___wbg_bind_a735f62d385d448f>
    264 <__wbindgen_describe___wbg_bind_07c63d4b9ebd35ed>
    265 <__wbindgen_describe___wbg_length_e7c15bb147019e65>
    266 <__wbindgen_describe___wbg_name_b52f50f993b38cc1>
    267 <__wbindgen_describe___wbg_next_fb6963863a902553>
    268 <__wbindgen_describe___wbg_throw_8c98c02eca5af6c0>
    269 <__wbindgen_describe___wbg_clear_46524752c2e8115c>
    270 <__wbindgen_describe___wbg_delete_f55147382d9490a4>
    271 <__wbindgen_describe___wbg_forEach_0bc504c32ef3d80d>
    272 <wasm_bindgen::convert::closures::invoke2_mut::h2556a9672893fdf5>
    273 <__wbindgen_describe___wbg_get_4e6b9f81dda2b9d8>
    274 <__wbindgen_describe___wbg_new_518e2184725aa711>
    275 <__wbindgen_describe___wbg_set_393f510a6b7e9da5>
    276 <__wbindgen_describe___wbg_size_6989bc15bbf5ab2a>
    277 <__wbindgen_describe___wbg_entries_4dce6361e3ba6fbc>
    278 <__wbindgen_describe___wbg_next_9dc0926f351c7090>
    279 <__wbindgen_describe___wbg_next_928df8c15fc0c9b0>
    280 <__wbindgen_describe___wbg_next_e5561a5200527508>
    281 <__wbindgen_describe___wbg_done_f4c254830a095eaf>
    282 <__wbindgen_describe___wbg_value_51f8a88d4a1805fb>
    283 <__wbindgen_describe___wbg_new_1deb3598ea82dc58>
    284 <__wbindgen_describe___wbg_newfromstr_f6a7be93b8a9fa6d>
    285 <__wbindgen_describe___wbg_parseFloat_ee7453a1cd031bc9>
    286 <__wbindgen_describe___wbg_toLocaleString_63e17e264912cbbe>
    287 <__wbindgen_describe___wbg_toExponential_611059bd3991ebd9>
    288 <__wbindgen_describe___wbg_valueOf_ee3ad2a2b6bbdcb5>
    289 <__wbindgen_describe___wbg_getDate_be2a89a16e766eb6>
    290 <__wbindgen_describe___wbg_getTime_6953b8a865af729b>
    291 <__wbindgen_describe___wbg_new_a96f21efc59c18b1>
    292 <__wbindgen_describe___wbg_new0_fe1554a5ea9b2468>
    293 <__wbindgen_describe___wbg_newwithyearmonth_3cfc40cd4e4478d5>
    294 <__wbindgen_describe___wbg_newwithyearmonthday_e1f966e7659f278e>
    295 <__wbindgen_describe___wbg_newwithyearmonthdayhr_29d9ee0fec145cf0>
    296 <__wbindgen_describe___wbg_newwithyearmonthdayhrmin_28fcc808938832ac>
    297 <__wbindgen_describe___wbg_newwithyearmonthdayhrminsec_47c401751bfe84ee>
    298 <__wbindgen_describe___wbg_newwithyearmonthdayhrminsecmilli_4f2236926e555da4>
    299 <__wbindgen_describe___wbg_now_c58794884eef001c>
    300 <__wbindgen_describe___wbg_setDate_194183a18260f619>
    301 <__wbindgen_describe___wbg_setFullYear_6d18b68ade86214a>
    302 <__wbindgen_describe___wbg_setFullYear_803dff1a64974eab>
    303 <__wbindgen_describe___wbg_setTime_9066d32ad407af82>
    304 <__wbindgen_describe___wbg_toDateString_493ec278a6c45edd>
    305 <__wbindgen_describe___wbg_toLocaleDateString_cf93d405883c8567>
    306 <__wbindgen_describe___wbg_toLocaleTimeString_e225b6dd3c9cad82>
    307 <__wbindgen_describe___wbg_UTC_9bb90d20b10e8357>
    308 <__wbindgen_describe___wbg_assign_f08fe828a68fa5b8>
    309 <__wbindgen_describe___wbg_assign_b70472dbbcf654c4>
    310 <__wbindgen_describe___wbg_assign_8a8f909f3ed4d458>
    311 <__wbindgen_describe___wbg_constructor_6db1368ddcd6e376>
    312 <__wbindgen_describe___wbg_create_9a164f36b5041080>
    313 <__wbindgen_describe___wbg_defineProperty_bcacd2a4f792974a>
    314 <__wbindgen_describe___wbg_entries_83beb641792ccb9c>
    315 <__wbindgen_describe___wbg_fromEntries_b7fbce53623419c1>
    316 <__wbindgen_describe___wbg_getOwnPropertyDescriptor_b4b0377ffae2a8d7>
    317 <__wbindgen_describe___wbg_getOwnPropertyDescriptors_77736d3fa2e47e41>
    318 <__wbindgen_describe___wbg_isExtensible_20381e036bff55fd>
    319 <__wbindgen_describe___wbg_preventExtensions_8db57a2022e01ac1>
    320 <js_sys::_::<impl wasm_bindgen::describe::WasmDescribe for js_sys::Proxy>::describe::h4884736b9c1808bb>
    321 <__wbindgen_describe___wbg_new_de0214e5bc5836dd>
    322 <__wbindgen_describe___wbg_revocable_af9695e939917021>
    323 <js_sys::_::<impl wasm_bindgen::describe::WasmDescribe for js_sys::RangeError>::describe::hc0dadf085d6c04a4>
    324 <__wbindgen_describe___wbg_new_ba337b0c048e6014>
    325 <js_sys::_::<impl wasm_bindgen::describe::WasmDescribe for js_sys::ReferenceError>::describe::he4a8821f567d116b>
    326 <__wbindgen_describe___wbg_new_50005eaabb7dfb33>
    327 <__wbindgen_describe___wbg_exec_901efe5af0edea94>
    328 <__wbindgen_describe___wbg_flags_4d37cd4fbef9161f>
    329 <__wbindgen_describe___wbg_global_4c78c51c37fb2054>
    330 <__wbindgen_describe___wbg_lastindex_5fed427b640e7b04>
    331 <__wbindgen_describe___wbg_setlastindex_a6d4d4558b4df5e5>
    332 <__wbindgen_describe___wbg_1_8cb9818407efd84b>
    333 <__wbindgen_describe___wbg_new_1c35827aa5b3918a>
    334 <__wbindgen_describe___wbg_newregexp_5893d9e66322afcb>
    335 <__wbindgen_describe___wbg_test_850dca2623cd871d>
    336 <__wbindgen_describe___wbg_add_593ff49f312ada2d>
    337 <__wbindgen_describe___wbg_clear_0ac9da9552939057>
    338 <__wbindgen_describe___wbg_delete_87d60ac9ac6217a6>
    339 <__wbindgen_describe___wbg_forEach_7c4395dec06b4471>
    340 <__wbindgen_describe___wbg_new_7da77890e3b9dd5b>
    341 <__wbindgen_describe___wbg_size_c1521ee62e336bb1>
    342 <__wbindgen_describe___wbg_entries_8e5c4049d8590b32>
    343 <js_sys::_::<impl wasm_bindgen::describe::WasmDescribe for js_sys::SyntaxError>::describe::hc86431822c0c2ad0>
    344 <__wbindgen_describe___wbg_new_d49e35d9d5142542>
    345 <js_sys::_::<impl wasm_bindgen::describe::WasmDescribe for js_sys::TypeError>::describe::h72e78e5101c0ab8e>
    346 <__wbindgen_describe___wbg_new_66663387dba92587>
    347 <js_sys::_::<impl wasm_bindgen::describe::WasmDescribe for js_sys::UriError>::describe::h875a6359c44e5898>
    348 <__wbindgen_describe___wbg_new_c439213579c043d3>
    349 <__wbindgen_describe___wbg_new_4852d8ca9bb8716a>
    350 <__wbindgen_describe___wbg_set_f8bb90f4d9a2d5bb>
    351 <__wbindgen_describe___wbg_get_8a7b03e3bcffd992>
    352 <__wbindgen_describe___wbg_delete_6b3041719a4a0282>
    353 <__wbindgen_describe___wbg_new_7bbb0571f71587a3>
    354 <__wbindgen_describe___wbg_add_5e4ad04d0e90cab6>
    355 <__wbindgen_describe___wbg_delete_8b258a999ef923e0>
    356 <__wbindgen_describe___wbg_length_20a4a590cf5b5147>
    357 <__wbindgen_describe___wbg_at_3fdfa0705c127df6>
    358 <__wbindgen_describe___wbg_charAt_f575a6d629c1afc4>
    359 <__wbindgen_describe___wbg_charCodeAt_43af4d9f39ff662d>
    360 <__wbindgen_describe___wbg_codePointAt_bd8740a8044b8683>
    361 <__wbindgen_describe___wbg_concat_df045385107e465c>
    362 <__wbindgen_describe___wbg_endsWith_b8b89b5b5380f7e5>
    363 <__wbindgen_describe___wbg_fromCharCode_04220156b6893a2f>
    364 <__wbindgen_describe___wbg_fromCharCode_a06ffba81b03ce10>
    365 <__wbindgen_describe___wbg_fromCharCode_259bf017c5f9d283>
    366 <__wbindgen_describe___wbg_fromCharCode_22f65fdacc85f9d2>
    367 <__wbindgen_describe___wbg_fromCharCode_bf998401f391889e>
    368 <__wbindgen_describe___wbg_fromCharCode_754b16b0addc98fc>
    369 <__wbindgen_describe___wbg_fromCodePoint_bea7d4157cb76bbf>
    370 <__wbindgen_describe___wbg_indexOf_208875a6fa88025a>
    371 <__wbindgen_describe___wbg_localeCompare_40dc0917b2227b46>
    372 <__wbindgen_describe___wbg_match_5bf9ad58b6cdd5c8>
    373 <__wbindgen_describe___wbg_matchAll_ccecb8248ad5db50>
    374 <__wbindgen_describe___wbg_normalize_7a5f41d11cd9c7c8>
    375 <__wbindgen_describe___wbg_padEnd_4396168db52a09a3>
    376 <__wbindgen_describe___wbg_repeat_8c695ca1a9b715bb>
    377 <__wbindgen_describe___wbg_replaceAll_7b1b5a62424176c7>
    378 <__wbindgen_describe___wbg_replaceAll_86c7c3a784efa790>
    379 <__wbindgen_describe___wbg_replaceAll_f14902f9f8279707>
    380 <__wbindgen_describe___wbg_replaceAll_a5d11f67d8147620>
    381 <__wbindgen_describe___wbg_search_97bf2c2237921618>
    382 <__wbindgen_describe___wbg_slice_24d987b26449b067>
    383 <__wbindgen_describe___wbg_split_485ed23f461314f0>
    384 <__wbindgen_describe___wbg_split_8b0434c32b8535ea>
    385 <__wbindgen_describe___wbg_split_b4a58f8c02a5b511>
    386 <__wbindgen_describe___wbg_split_05212d3cccacd7d0>
    387 <__wbindgen_describe___wbg_startsWith_7f051ac359335dc9>
    388 <__wbindgen_describe___wbg_substr_8466b622f710d232>
    389 <__wbindgen_describe___wbg_toLocaleLowerCase_42fdf4b992c67938>
    390 <<core::option::Option<T> as wasm_bindgen::describe::WasmDescribe>::describe::ha4dcff4cbdbc4703>
    391 <__wbindgen_describe___wbg_toLowerCase_83fe403068f82b6d>
    392 <__wbindgen_describe___wbg_raw_cbbaa3fb8984dd7d>
    393 <__wbindgen_describe___wbg_raw_7ca307e5fb137176>
    394 <__wbindgen_describe___wbg_raw_5c93d88c10bf75b5>
    395 <__wbindgen_describe___wbg_raw_1d1250f057632041>
    396 <__wbindgen_describe___wbg_raw_46f489dec7226688>
    397 <__wbindgen_describe___wbg_raw_27dbbb914e5a5d50>
    398 <__wbindgen_describe___wbg_raw_721d7aa2e8187aa7>
    399 <__wbindgen_describe___wbg_raw_6cc8d4030bf90acf>
    400 <__wbindgen_describe___wbg_raw_860688eb80a2d244>
    401 <__wbindgen_describe___wbg_asyncIterator_e55349661595cdb5>
    402 <__wbindgen_describe___wbg_for_7d14376c5dc2d98f>
    403 <__wbindgen_describe___wbg_keyFor_84187a82c19dfb6d>
    404 <__wbindgen_describe___wbg_toString_572c57a2bb17dd90>
    405 <__wbindgen_describe___wbg_valueOf_4f5b774163553172>
    406 <__wbindgen_describe___wbg_new_ac7361beaf933ba6>
    407 <__wbindgen_describe___wbg_allSettled_e604dacd4a4d1be7>
    408 <__wbindgen_describe___wbg_catch_5f3fc20cabd97c0a>
    409 <__wbindgen_describe___wbg_then_db12746ab6cec3f6>
    410 <__wbindgen_describe___wbg_globalThis_6b4d52a0b6aaeaea>
    411 <__wbindgen_describe___wbg_new_23e58ff3dd38dc24>
    412 <__wbindgen_describe___wbg_newwithlength_bdb96ae7fcc3caf8>
    413 <__wbindgen_describe___wbg_newwithbyteoffset_e6cc486b4c220bf5>
    414 <__wbindgen_describe___wbg_newwithbyteoffsetandlength_59d89a22b0995472>
    415 <__wbindgen_describe___wbg_fill_ff2624bcc909289d>
    416 <__wbindgen_describe___wbg_buffer_3dc2cb13cb9bd7a0>
    417 <__wbindgen_describe___wbg_slice_1199c1e7a259894f>
    418 <__wbindgen_describe___wbg_forEach_88d4e6d87182a621>
    419 <wasm_bindgen::convert::closures::invoke3_mut::h2df57963bdcedcbf>
    420 <__wbindgen_describe___wbg_byteLength_c17240808edf2660>
    421 <__wbindgen_describe___wbg_set_9098fff58a05d503>
    422 <__wbindgen_describe___wbg_at_d85b739f889eb366>
    423 <__wbindgen_describe___wbg_getindex_979316456a4a029b>
    424 <__wbindgen_describe___wbg_setindex_2afc46bee0a36bd3>
    425 <__wbindgen_describe___wbg_new_9b3e0e0ec6a2f9d5>
    426 <__wbindgen_describe___wbg_newwithlength_ab9812e358353798>
    427 <__wbindgen_describe___wbg_newwithbyteoffset_c3d6fca3558b6d30>
    428 <__wbindgen_describe___wbg_newwithbyteoffsetandlength_958d61afe64d3137>
    429 <__wbindgen_describe___wbg_fill_d65df3269890f7e7>
    430 <__wbindgen_describe___wbg_buffer_11dfed7285906880>
    431 <__wbindgen_describe___wbg_slice_7ec5b6f3dc2cb55f>
    432 <__wbindgen_describe___wbg_forEach_91f3deaf7f968a02>
    433 <wasm_bindgen::convert::closures::invoke3_mut::h71078c96f517ee56>
    434 <__wbindgen_describe___wbg_byteLength_4b0c4d002b6b9d03>
    435 <__wbindgen_describe___wbg_set_9b1e84dff82fe1eb>
    436 <__wbindgen_describe___wbg_at_87666027169b4ba0>
    437 <__wbindgen_describe___wbg_getindex_a66403ac1c74f79a>
    438 <__wbindgen_describe___wbg_setindex_01c26ee8ee590438>
    439 <__wbindgen_describe___wbg_new_265cb3a7cf6dbcbb>
    440 <__wbindgen_describe___wbg_newwithlength_6ef5937c5e68ac48>
    441 <__wbindgen_describe___wbg_newwithbyteoffset_cf2bbc2c9a0348b3>
    442 <__wbindgen_describe___wbg_newwithbyteoffsetandlength_eb3d68e22b1ac3b7>
    443 <__wbindgen_describe___wbg_fill_c3ec9fd5df7eb581>
    444 <__wbindgen_describe___wbg_buffer_4f34837a8abfea00>
    445 <__wbindgen_describe___wbg_slice_3d9fc736c733df19>
    446 <__wbindgen_describe___wbg_forEach_c5c721b3eb1eca61>
    447 <__wbindgen_describe___wbg_byteLength_9733f77214eeb147>
    448 <__wbindgen_describe___wbg_set_017a09e6c4bfab7b>
    449 <__wbindgen_describe___wbg_at_22f464316209bb9a>
    450 <__wbindgen_describe___wbg_getindex_4fcd20eb928ecb19>
    451 <__wbindgen_describe___wbg_setindex_1d6bf37a60167605>
    452 <__wbindgen_describe___wbg_new_59845962d1127937>
    453 <__wbindgen_describe___wbg_newwithlength_4c216eaaf23f2f9a>
    454 <__wbindgen_describe___wbg_newwithbyteoffset_2a752454e177c8af>
    455 <__wbindgen_describe___wbg_newwithbyteoffsetandlength_84908302a4c137cf>
    456 <__wbindgen_describe___wbg_fill_5d2a8ddfb1d57793>
    457 <__wbindgen_describe___wbg_buffer_bacd7706db793204>
    458 <__wbindgen_describe___wbg_slice_6603f1c726642fa9>
    459 <__wbindgen_describe___wbg_forEach_40323ef90772e775>
    460 <__wbindgen_describe___wbg_byteLength_d52de988f95295b2>
    461 <__wbindgen_describe___wbg_set_5deee49b10b2b780>
    462 <__wbindgen_describe___wbg_at_ce6058b30e9badf8>
    463 <__wbindgen_describe___wbg_getindex_a471648b3037c750>
    464 <__wbindgen_describe___wbg_setindex_e0b7b31bfc87ba3f>
    465 <__wbindgen_describe___wbg_new_aa20cc9c60a92da7>
    466 <__wbindgen_describe___wbg_newwithlength_56be05099517721d>
    467 <__wbindgen_describe___wbg_newwithbyteoffset_7d3513b9864dcbc8>
    468 <__wbindgen_describe___wbg_newwithbyteoffsetandlength_47fa079c1b326b76>
    469 <__wbindgen_describe___wbg_fill_9d26e4d0d08d0b40>
    470 <__wbindgen_describe___wbg_buffer_de79d246492a22d7>
    471 <__wbindgen_describe___wbg_slice_68c9450ef9a7f4f1>
    472 <__wbindgen_describe___wbg_forEach_cccaa6257cf05971>
    473 <__wbindgen_describe___wbg_byteLength_fef2dee37e510e92>
    474 <__wbindgen_describe___wbg_set_c3d7b5ee2e4560ae>
    475 <__wbindgen_describe___wbg_at_bb8bc6df5459b43a>
    476 <__wbindgen_describe___wbg_getindex_817e09ac88b759d6>
    477 <__wbindgen_describe___wbg_setindex_76b86c48a7fc0d52>
    478 <__wbindgen_describe___wbg_new_c089ac7d48bbf93a>
    479 <__wbindgen_describe___wbg_newwithlength_0420d798b73b930c>
    480 <__wbindgen_describe___wbg_newwithbyteoffset_f5f7906f89fe5f95>
    481 <__wbindgen_describe___wbg_newwithbyteoffsetandlength_3a98458a53e22262>
    482 <__wbindgen_describe___wbg_fill_3a0282e8abcf56b6>
    483 <__wbindgen_describe___wbg_buffer_470ac73621cf4072>
    484 <__wbindgen_describe___wbg_slice_9b37152e84ffae8d>
    485 <__wbindgen_describe___wbg_forEach_b94517082da888ff>
    486 <__wbindgen_describe___wbg_byteLength_fbdfd573f4b0f5f2>
    487 <__wbindgen_describe___wbg_set_b80877dc8e3ea97c>
    488 <__wbindgen_describe___wbg_at_414be18b2a391513>
    489 <__wbindgen_describe___wbg_getindex_f5d39ea747809816>
    490 <__wbindgen_describe___wbg_setindex_0c09bed6c6038b5d>
    491 <__wbindgen_describe___wbg_new_895409caad7c9110>
    492 <__wbindgen_describe___wbg_newwithlength_04767c67bed856f5>
    493 <__wbindgen_describe___wbg_newwithbyteoffset_bd20cf48adb34860>
    494 <__wbindgen_describe___wbg_newwithbyteoffsetandlength_5d942bb3843f29c4>
    495 <__wbindgen_describe___wbg_fill_aeadda0ff4061ccb>
    496 <__wbindgen_describe___wbg_buffer_834ebf41f4d32471>
    497 <__wbindgen_describe___wbg_slice_9406252e7431dd19>
    498 <__wbindgen_describe___wbg_forEach_3cb5e9c792a1f96d>
    499 <__wbindgen_describe___wbg_byteLength_26a7b76d55e3f2e2>
    500 <__wbindgen_describe___wbg_set_61652ef8d8091edf>
    501 <__wbindgen_describe___wbg_at_b0c56773abe2f4ff>
    502 <__wbindgen_describe___wbg_getindex_f05bc129e4416187>
    503 <__wbindgen_describe___wbg_setindex_41fd2b5fd90081a6>
    504 <__wbindgen_describe___wbg_new_7d8833cf9cb57bf7>
    505 <__wbindgen_describe___wbg_newwithlength_1efb4a1a79af5a72>
    506 <__wbindgen_describe___wbg_newwithbyteoffset_77e94797c1745e33>
    507 <__wbindgen_describe___wbg_newwithbyteoffsetandlength_0b992ad3c87c92aa>
    508 <__wbindgen_describe___wbg_fill_bcb4a6f23443115b>
    509 <__wbindgen_describe___wbg_buffer_a24f9c0dd3fb1d5b>
    510 <__wbindgen_describe___wbg_slice_f1ca189ba12f7add>
    511 <__wbindgen_describe___wbg_forEach_e36f14232926b882>
    512 <wasm_bindgen::convert::closures::invoke3_mut::h43c2837aea1a4e10>
    513 <__wbindgen_describe___wbg_byteLength_7314dcd3963f6228>
    514 <__wbindgen_describe___wbg_set_682e6e997e17e6df>
    515 <__wbindgen_describe___wbg_at_a8fad3d9d158e0b9>
    516 <__wbindgen_describe___wbg_getindex_dfd22cf2fbcf43b4>
    517 <__wbindgen_describe___wbg_setindex_6a8033f079b53f4c>
    518 <__wbindgen_describe___wbg_new_325a150d23028b71>
    519 <__wbindgen_describe___wbg_newwithlength_f76e8d536f7a996d>
    520 <__wbindgen_describe___wbg_newwithbyteoffset_68bb40d9b4639a86>
    521 <__wbindgen_describe___wbg_newwithbyteoffsetandlength_b309cd45834c831c>
    522 <__wbindgen_describe___wbg_fill_2f3c568e1870945d>
    523 <__wbindgen_describe___wbg_buffer_2cfb96ac38619946>
    524 <__wbindgen_describe___wbg_slice_e49af274db5e44a5>
    525 <__wbindgen_describe___wbg_forEach_4ada8c4d2e742be7>
    526 <wasm_bindgen::convert::closures::invoke3_mut::h0cc55e509ddaa622>
    527 <__wbindgen_describe___wbg_byteLength_9b3b854b1d662581>
    528 <__wbindgen_describe___wbg_set_da74bd43a9d7102b>
    529 <__wbindgen_describe___wbg_at_cc8ef4462e8fbb5b>
    530 <__wbindgen_describe___wbg_getindex_b54aa48b0a430b78>
    531 <__wbindgen_describe___wbg_setindex_4f742ef8fc15b535>
    532 <__wbindgen_describe___wbg_new_69b6ef825f90567e>
    533 <__wbindgen_describe___wbg_newwithlength_076981a2f36e4676>
    534 <__wbindgen_describe___wbg_newwithbyteoffset_bc8f799ea6f2baa6>
    535 <__wbindgen_describe___wbg_newwithbyteoffsetandlength_2fa19007d9d7a9a8>
    536 <__wbindgen_describe___wbg_fill_8667a36cd87d03d8>
    537 <__wbindgen_describe___wbg_buffer_371b4d96aeea210b>
    538 <__wbindgen_describe___wbg_slice_cca59fd45669b218>
    539 <__wbindgen_describe___wbg_forEach_29a2795c00b7de20>
    540 <wasm_bindgen::convert::closures::invoke3_mut::h1e4386a3091e9cde>
    541 <__wbindgen_describe___wbg_byteLength_1224d74e3e3127bd>
    542 <__wbindgen_describe___wbg_set_ee680b251165b1a0>
    543 <__wbindgen_describe___wbg_at_2305836cb96ed917>
    544 <__wbindgen_describe___wbg_getindex_7c9be6a85daeb122>
    545 <__wbindgen_describe___wbg_setindex_a6dd393be26b55be>
    546 <__wbindgen_describe___wbg_new_af9ebc0a1c54f55f>
    547 <__wbindgen_describe___wbg_newwithlength_7ef3a963f12bde6c>
    548 <__wbindgen_describe___wbg_newwithbyteoffset_4318e8a7b28181c1>
    549 <__wbindgen_describe___wbg_newwithbyteoffsetandlength_e150e2b6f5c9ae79>
    550 <__wbindgen_describe___wbg_fill_fd003025d32574a9>
    551 <__wbindgen_describe___wbg_buffer_c62ccfdf63614eb3>
    552 <__wbindgen_describe___wbg_slice_90cae9446e3cd2ea>
    553 <__wbindgen_describe___wbg_forEach_d5e16038ed66863b>
    554 <__wbindgen_describe___wbg_byteLength_f401f031f06712ad>
    555 <__wbindgen_describe___wbg_set_ac26b6bdc08ba3ab>
    556 <__wbindgen_describe___wbg_at_62130994d7d93cc0>
    557 <__wbindgen_describe___wbg_getindex_824ffd51ecb80790>
    558 <__wbindgen_describe___wbg_setindex_f4f73090b3e0d7e6>
    559 <js_sys::WebAssembly::_::<impl wasm_bindgen::describe::WasmDescribe for js_sys::WebAssembly::Instance>::describe::h0c95d16e2ac32ea9>
    560 <js_sys::WebAssembly::_::<impl wasm_bindgen::describe::WasmDescribe for js_sys::WebAssembly::Module>::describe::hf3eff2ad744579c9>
    561 <js_sys::WebAssembly::_::<impl wasm_bindgen::describe::WasmDescribe for js_sys::WebAssembly::Memory>::describe::h6f3331129386085f>
    562 <js_sys::WebAssembly::_::<impl wasm_bindgen::describe::WasmDescribe for js_sys::WebAssembly::Exception>::describe::h92cf37a2a58138d7>
    563 <js_sys::WebAssembly::_::<impl wasm_bindgen::describe::WasmDescribe for js_sys::WebAssembly::Tag>::describe::he19bb4dc072cd6c2>
    564 <js_sys::WebAssembly::_::<impl wasm_bindgen::describe::WasmDescribe for js_sys::WebAssembly::Global>::describe::h25e9cfcd17ed99d2>
    565 <js_sys::WebAssembly::_::<impl wasm_bindgen::describe::WasmDescribe for js_sys::WebAssembly::Table>::describe::h23213be06655bdb6>
    566 <wasm_bindgen::convert::closures::invoke4_mut::he154e46fbe25eb66>
    567 <wasm_bindgen::convert::closures::invoke3_mut::h4b953e2c292f0a45>
    568 <__wbindgen_describe___wbg_construct_8bab24d23d9a96ef>
    569 <__wbindgen_describe___wbg_construct_7f2ea899a572391a>
    570 <__wbindgen_describe___wbg_defineProperty_4c015afc76e3ff94>
    571 <__wbindgen_describe___wbg_deleteProperty_c99ace812bf5c8a8>
    572 <__wbindgen_describe___wbg_get_b996a12be035ef4f>
    573 <__wbindgen_describe___wbg_get_de76efd6a65feeef>
    574 <__wbindgen_describe___wbg_get_a3ad02e4fc0cb94c>
    575 <__wbindgen_describe___wbg_has_bdec43a5ed4cb454>
    576 <__wbindgen_describe___wbg_set_1b50d2de855a9d50>
    577 <__wbindgen_describe___wbg_set_70cf1c2a6c25e8b0>
    578 <__wbindgen_describe___wbg_set_83f86cd836194962>
    579 <__wbindgen_describe___wbg_set_193ad882413e2c7e>
    580 <__wbindgen_describe___wbg_compileStreaming_454156f58bd8547e>
    581 <__wbindgen_describe___wbg_instantiate_303578e371f4871f>
    582 <__wbindgen_describe___wbg_instantiate_cb223d3fa84fc5d0>
    583 <__wbindgen_describe___wbg_instantiateStreaming_7f96838ba4ad39ed>
    584 <js_sys::WebAssembly::_::<impl wasm_bindgen::describe::WasmDescribe for js_sys::WebAssembly::CompileError>::describe::hc327e89eff035b7f>
    585 <__wbindgen_describe___wbg_new_59a1b82b2482371a>
    586 <__wbindgen_describe___wbg_new_7cf992adc3a68766>
    587 <__wbindgen_describe___wbg_exports_f510e4afeb55b76a>
    588 <js_sys::WebAssembly::_::<impl wasm_bindgen::describe::WasmDescribe for js_sys::WebAssembly::LinkError>::describe::h1cba664235e0467c>
    589 <__wbindgen_describe___wbg_new_03b4c5dbcef200f2>
    590 <js_sys::WebAssembly::_::<impl wasm_bindgen::describe::WasmDescribe for js_sys::WebAssembly::RuntimeError>::describe::h5185d734e3dc7561>
    591 <__wbindgen_describe___wbg_new_c2872716d0cc354c>
    592 <__wbindgen_describe___wbg_new_cb14c6d72298a8c8>
    593 <__wbindgen_describe___wbg_customSections_bf03a28d320e3986>
    594 <__wbindgen_describe___wbg_exports_43cd586a0b9a0663>
    595 <__wbindgen_describe___wbg_new_aa4adaf3cdaf88c2>
    596 <__wbindgen_describe___wbg_length_c50d4b2a2cd38ed4>
    597 <__wbindgen_describe___wbg_get_e456338508324d5b>
    598 <__wbindgen_describe___wbg_grow_5be1165932613853>
    599 <__wbindgen_describe___wbg_set_89185d4880c5dec8>
    600 <__wbindgen_describe___wbg_new_0afb3e80bab7a3ab>
    601 <__wbindgen_describe___wbg_new_185bc87afb7d69fc>
    602 <__wbindgen_describe___wbg_newwithoptions_ee3965236b34e6d8>
    603 <__wbindgen_describe___wbg_is_0d0b05a32012bec0>
    604 <__wbindgen_describe___wbg_getArg_ac63c4e60d9f63fd>
    605 <__wbindgen_describe___wbg_new_cf5f1f8c5ebda1ac>
    606 <__wbindgen_describe___wbg_value_2cbd518168a3a1bd>
    607 <__wbindgen_describe___wbg_setvalue_a5bbd3e57da28810>
    608 <__wbindgen_describe___wbg_new_e29fad1ece259065>
    609 <__wbindgen_describe___wbg_buffer_ef9774282e5dab94>
    610 <__wbindgen_describe___wbg_grow_50f9ec39b43f4230>
    611 <alloc::raw_vec::RawVecInner<A>::shrink_unchecked::h8b10e7b3bd461540>
    612 <__wbindgen_describe___wbg_add_b46ccc19cf98f435>
    613 <__wbindgen_describe___wbg_add_7364bdd42eb149ae>
    614 <__wbindgen_describe___wbg_compareExchange_9adab989c2d26554>
    615 <__wbindgen_describe___wbg_compareExchange_fd62ef9dbfbb1e5e>
    616 <__wbindgen_describe___wbg_isLockFree_ae133af5b74c36a4>
    617 <__wbindgen_describe___wbg_load_42c709992c748804>
    618 <__wbindgen_describe___wbg_load_4fcfc1211a268b9c>
    619 <__wbindgen_describe___wbg_notify_8f3ad17456a7610d>
    620 <__wbindgen_describe___wbg_notify_5e04389afd710fb7>
    621 <__wbindgen_describe___wbg_wait_34aa5872739b11f9>
    622 <__wbindgen_describe___wbg_wait_3f3cbab862397aca>
    623 <__wbindgen_describe___wbg_wait_1daa5373ee2fbde8>
    624 <__wbindgen_describe___wbg_wait_2d1436b1ac62273c>
    625 <__wbindgen_describe___wbg_waitAsync_92aae24675d9be6c>
    626 <__wbindgen_describe___wbg_waitAsync_363f4ba9f8b25533>
    627 <__wbindgen_describe___wbg_waitAsync_adec7c585ff6ffdb>
    628 <__wbindgen_describe___wbg_waitAsync_d1fef023f750a85f>
    629 <__wbindgen_describe___wbg_abs_38b0e023e0bb2365>
    630 <__wbindgen_describe___wbg_clz32_7abf2159b393fd8b>
    631 <__wbindgen_describe___wbg_fround_e93c772678718013>
    632 <__wbindgen_describe___wbg_imul_650b3b89960a7d4a>
    633 <std::sys::thread_local::no_threads::LazyStorage<T>::initialize::h4f7002aa5f3f7bb7>
    634 <js_sys::Intl::_::<impl wasm_bindgen::describe::WasmDescribe for js_sys::Intl::PluralRules>::describe::h1fad8a1d04da1dac>
    635 <js_sys::Intl::_::<impl wasm_bindgen::describe::WasmDescribe for js_sys::Intl::RelativeTimeFormat>::describe::h9375986111de3857>
    636 <js_sys::Intl::_::<impl wasm_bindgen::describe::WasmDescribe for js_sys::Intl::Collator>::describe::h8715297502656ea8>
    637 <js_sys::Intl::_::<impl wasm_bindgen::describe::WasmDescribe for js_sys::Intl::DateTimeFormat>::describe::he92f991da590c047>
    638 <js_sys::Intl::_::<impl wasm_bindgen::describe::WasmDescribe for js_sys::Intl::NumberFormat>::describe::h7bff8cfa032c3ee2>
    639 <__wbindgen_describe___wbg_stringify_841980d1bf485619>
    640 <__wbindgen_describe___wbg_stringify_a1a0290ad3dd8025>
    641 <__wbindgen_describe___wbg_stringify_7330cbd04ec4c682>
    642 <__wbindgen_describe___wbg_new_31c5ca773d242da7>
    643 <__wbindgen_describe___wbg_compare_98b0d6cd20b507e1>
    644 <__wbindgen_describe___wbg_resolvedOptions_f94335d7d71e908d>
    645 <__wbindgen_describe___wbg_new_7f6cdb425945ba92>
    646 <__wbindgen_describe___wbg_format_02a039dcb5e789c9>
    647 <__wbindgen_describe___wbg_formatToParts_19830a86336f7a50>
    648 <__wbindgen_describe___wbg_resolvedOptions_73d48ef2e9b809e1>
    649 <__wbindgen_describe___wbg_new_4df4d23a555db943>
    650 <__wbindgen_describe___wbg_format_dd85a05737f53b26>
    651 <__wbindgen_describe___wbg_formatToParts_78000f7db6667d03>
    652 <__wbindgen_describe___wbg_resolvedOptions_e04b6f8163795067>
    653 <__wbindgen_describe___wbg_new_6018fa37894d131a>
    654 <__wbindgen_describe___wbg_resolvedOptions_68c3f52e59a4e88a>
    655 <__wbindgen_describe___wbg_select_ad49474f520f61ef>
    656 <__wbindgen_describe___wbg_new_1631f4eb2a0cf7cd>
    657 <__wbindgen_describe___wbg_format_a9e1239df46545d0>
    658 <__wbindgen_describe___wbg_formatToParts_7984a871e3e7e0f0>
    659 <__wbindgen_describe___wbg_resolvedOptions_3d345d8b54a4d098>
    660 <__wbindgen_describe___wbg_supportedLocalesOf_6f10d64b530d3c4d>
    661 <core::panic::PanicPayload::as_str::h389694c361f86e8b>
    662 <std::panicking::rust_panic_with_hook::h040aa1598efd68d7>
    663 <__rustc[79a240ffca3c5d2f]::rust_panic>
    664 <<&T as core::fmt::Debug>::fmt::h8667e4ebc2e9bb0f>
    665 <<std::thread::local::AccessError as core::fmt::Debug>::fmt::h61557c28914c1fe4>
    666 <std::sys::backtrace::__rust_end_short_backtrace::h5e5c59d3dbd07730>
    667 <std::panicking::begin_panic_handler::{{closure}}::h60949c76d832880a>
    668 <<std::panicking::begin_panic_handler::StaticStrPayload as core::panic::PanicPayload>::as_str::hcbeda6b3a1c34a85>
    669 <dlmalloc::dlmalloc::Dlmalloc<A>::insert_large_chunk::h99529485956a12a6>
    670 <<once_cell::unsync::Lazy<T,F> as core::ops::deref::Deref>::deref::h6644cb9f239593f5>
    671 <core::ptr::drop_in_place<core::result::Result<(),core::cell::Cell<wasm_bindgen::externref::Slab>>>::hc6123c2479069e5d>
    672 <__externref_table_alloc>
    674 <__externref_table_dealloc>
    675 <__externref_drop_slice>
    676 <__externref_heap_live_count>
    677 <__wbindgen_malloc>
    678 <__wbindgen_realloc>
    679 <__wbindgen_free>
    680 <__wbindgen_exn_store>
    681 <wasm_bindgen::convert::closures::invoke1_mut::hd1a74001708cb998>
    682 <std::sys::thread_local::no_threads::LazyStorage<T>::initialize::hb198e292a1c7ee78>
    683 <wasm_bindgen::closure::Closure<T>::wrap::breaks_if_inlined::hf765e3b8d1548179>
    684 <alloc::rc::Rc<T,A>::drop_slow::hfd96c1a6e646f832>
    685 <core::ptr::drop_in_place<alloc::boxed::Box<dyn core::ops::function::FnMut<(wasm_bindgen::JsValue,)>+Output = ()>>::h3c782d2769856525>
    686 <wasm_bindgen_futures::queue::Queue::schedule_task::hc185ccc7bc638d99>
    687 <alloc::collections::vec_deque::VecDeque<T,A>::grow::hbd4faf4ccfc469db>
    688 <alloc::raw_vec::RawVec<T,A>::grow_one::h37b4949660ee5fd6>
    689 <std::thread::local::LocalKey<T>::with::h70380e77c15d8ec8>
    690 <wasm_bindgen_futures::queue::QueueState::run_all::h47ad66020c546356>
    691 <core::ptr::drop_in_place<core::option::Option<wasm_bindgen_futures::task::singlethread::Inner>>::hec3ee511ca1e37e7>
    692 <alloc::rc::Rc<T,A>::drop_slow::hd5c55890b614016e>
    693 <__wbindgen_describe___wbg_queueMicrotask_ef0e86b0263a71ee>
    694 <wasm_bindgen::closure::Closure<T>::wrap::describe::h1f5765ee711a6b80>
    695 <<dyn core::ops::function::FnMut<(A,)>+Output = R as wasm_bindgen::closure::WasmClosure>::describe::invoke::h8666a9951175ca27>
    696 <<dyn core::ops::function::FnMut<(A,)>+Output = R as wasm_bindgen::closure::WasmClosure>::describe::destroy::h943753811d8fd634>
    697 <core::ptr::drop_in_place<wasm_bindgen_futures::queue::Queue::new::{{closure}}>::h87b75f0bd09882df>
    698 <core::ops::function::FnOnce::call_once{{vtable.shim}}::hb52c86bf2b4e7114>
    699 <wasm_bindgen_futures::queue::Queue::new::{{closure}}::h6e606b30beb033e3>
    700 <wasm_bindgen_futures::task::singlethread::Task::into_raw_waker::raw_clone::hc6044330046b47f4>
    701 <wasm_bindgen_futures::task::singlethread::Task::into_raw_waker::raw_wake::h87e9f28a4a8db9ed>
    702 <wasm_bindgen_futures::task::singlethread::Task::into_raw_waker::raw_wake_by_ref::ha3eafc320e69e53d>
    703 <wasm_bindgen_futures::task::singlethread::Task::into_raw_waker::raw_drop::h62df557cca4cd3fd>
    704 <__wasm_split_load_callback>
    705 <memcmp>
    711 <.Lanon.79b81406656296db68a0b7034c081fc6.43>
    712 <.Lanon.d1cbb9e125cb8d89af7486d0a3beeb3f.16>
    713 <.Lanon.51aa6f4db30a08e7412a135b574a635e.3>
    714 <.Lanon.850abc7070cad3aaf54fc18349b11383.1>
    715 <.Lanon.79b81406656296db68a0b7034c081fc6.21>
    716 <.Lanon.850abc7070cad3aaf54fc18349b11383.6>
    717 <.Lanon.8353eafc0686ece12291357d89b43616.8>
    718 <.Lanon.79b81406656296db68a0b7034c081fc6.10>
    719 <.Lanon.d8aea96bde7621720d8eebb0a9215221.2>
    720 <.Lanon.34e2a803857b49632d1110a535995711.80>
    721 <.Lanon.8353eafc0686ece12291357d89b43616.0>
    722 <.Lanon.8353eafc0686ece12291357d89b43616.13>
    723 <.Lanon.51aa6f4db30a08e7412a135b574a635e.12>
    724 <.Lanon.8353eafc0686ece12291357d89b43616.4>
    725 <.Lanon.d1cbb9e125cb8d89af7486d0a3beeb3f.6>
    726 <.Lanon.8353eafc0686ece12291357d89b43616.1>
    727 <.Lanon.8353eafc0686ece12291357d89b43616.2>
    728 <.Lanon.8353eafc0686ece12291357d89b43616.3>
    729 <.Lanon.8353eafc0686ece12291357d89b43616.5>
    731 <.Lanon.8353eafc0686ece12291357d89b43616.10>
    732 <.Lanon.8353eafc0686ece12291357d89b43616.11>
    733 <.Lanon.8353eafc0686ece12291357d89b43616.12>
    734 <.Lanon.8353eafc0686ece12291357d89b43616.14>
    736 <.Lanon.8353eafc0686ece12291357d89b43616.16>
    737 <.Lanon.8353eafc0686ece12291357d89b43616.17>
    739 <.Lanon.8353eafc0686ece12291357d89b43616.19>
    740 <.Lanon.8353eafc0686ece12291357d89b43616.20>
    741 <.Lanon.8353eafc0686ece12291357d89b43616.22>
    742 <.Lanon.8353eafc0686ece12291357d89b43616.23>
    743 <.Lanon.79b81406656296db68a0b7034c081fc6.2>
    744 <.Lanon.79b81406656296db68a0b7034c081fc6.7>
    745 <.Lanon.79b81406656296db68a0b7034c081fc6.8>
    746 <.Lanon.79b81406656296db68a0b7034c081fc6.9>
    747 <.Lanon.79b81406656296db68a0b7034c081fc6.11>
    748 <.Lanon.79b81406656296db68a0b7034c081fc6.22>
    749 <.Lanon.79b81406656296db68a0b7034c081fc6.41>
    750 <.Lanon.79b81406656296db68a0b7034c081fc6.42>
    751 <.Lanon.79b81406656296db68a0b7034c081fc6.44>
    752 <.Lanon.51aa6f4db30a08e7412a135b574a635e.0>
    753 <.Lanon.51aa6f4db30a08e7412a135b574a635e.1>
    754 <.Lanon.51aa6f4db30a08e7412a135b574a635e.4>
    755 <.Lanon.51aa6f4db30a08e7412a135b574a635e.10>
    756 <.Lanon.51aa6f4db30a08e7412a135b574a635e.13>
    757 <.Lanon.51aa6f4db30a08e7412a135b574a635e.15>
    758 <.Lanon.51aa6f4db30a08e7412a135b574a635e.16>
    759 <.Lanon.51aa6f4db30a08e7412a135b574a635e.18>
    760 <.Lanon.51aa6f4db30a08e7412a135b574a635e.20>
    761 <.Lanon.51aa6f4db30a08e7412a135b574a635e.21>
    762 <.Lanon.51aa6f4db30a08e7412a135b574a635e.22>
    763 <.Lanon.51aa6f4db30a08e7412a135b574a635e.23>
    764 <.Lanon.51aa6f4db30a08e7412a135b574a635e.24>
    765 <.Lanon.51aa6f4db30a08e7412a135b574a635e.25>
    766 <.Lanon.51aa6f4db30a08e7412a135b574a635e.26>
    767 <.Lanon.51aa6f4db30a08e7412a135b574a635e.27>
    768 <.Lanon.51aa6f4db30a08e7412a135b574a635e.29>
    769 <.Lanon.51aa6f4db30a08e7412a135b574a635e.30>
    770 <.Lanon.51aa6f4db30a08e7412a135b574a635e.33>
    771 <.Lanon.51aa6f4db30a08e7412a135b574a635e.34>
    772 <.Lanon.7eca65ef36bb00ab9406ec06b65577ca.151>
    773 <.Lanon.7eca65ef36bb00ab9406ec06b65577ca.158>
    774 <.Lanon.7eca65ef36bb00ab9406ec06b65577ca.159>
    775 <.Lanon.7eca65ef36bb00ab9406ec06b65577ca.212>
    776 <.Lanon.7eca65ef36bb00ab9406ec06b65577ca.244>
    777 <.Lanon.7eca65ef36bb00ab9406ec06b65577ca.247>
    778 <.Lanon.7eca65ef36bb00ab9406ec06b65577ca.248>
    779 <.Lanon.7eca65ef36bb00ab9406ec06b65577ca.249>
    780 <.Lanon.7eca65ef36bb00ab9406ec06b65577ca.250>
    781 <.Lanon.7eca65ef36bb00ab9406ec06b65577ca.251>
    782 <.Lanon.7eca65ef36bb00ab9406ec06b65577ca.252>
    783 <.Lanon.7eca65ef36bb00ab9406ec06b65577ca.253>
    784 <.Lanon.7eca65ef36bb00ab9406ec06b65577ca.256>
    785 <.Lanon.7eca65ef36bb00ab9406ec06b65577ca.257>
    786 <.Lanon.7eca65ef36bb00ab9406ec06b65577ca.258>
    787 <.Lanon.7eca65ef36bb00ab9406ec06b65577ca.259>
    788 <.Lanon.7eca65ef36bb00ab9406ec06b65577ca.260>
    789 <.Lanon.7eca65ef36bb00ab9406ec06b65577ca.261>
    790 <.Lanon.7eca65ef36bb00ab9406ec06b65577ca.262>
    791 <.Lanon.7eca65ef36bb00ab9406ec06b65577ca.263>
    792 <.Lanon.7eca65ef36bb00ab9406ec06b65577ca.267>
    793 <.Lanon.7eca65ef36bb00ab9406ec06b65577ca.268>
    794 <.Lanon.7eca65ef36bb00ab9406ec06b65577ca.294>
    795 <.Lanon.7eca65ef36bb00ab9406ec06b65577ca.297>
    796 <.Lanon.7eca65ef36bb00ab9406ec06b65577ca.313>
    797 <.Lanon.7eca65ef36bb00ab9406ec06b65577ca.314>
    798 <.Lanon.7eca65ef36bb00ab9406ec06b65577ca.453>
    799 <.Lanon.7eca65ef36bb00ab9406ec06b65577ca.454>
    800 <.Lanon.85092bb9fbf5ee025382520e06e7646d.5>
    801 <.Lanon.1ff6891908093a1fe44a9c9d4c56e10b.1>
    802 <.Lanon.34e2a803857b49632d1110a535995711.21>
    803 <.Lanon.34e2a803857b49632d1110a535995711.81>
    804 <.Lanon.34e2a803857b49632d1110a535995711.82>
    805 <.Lanon.34e2a803857b49632d1110a535995711.83>
    806 <.Lanon.34e2a803857b49632d1110a535995711.84>
    807 <.Lanon.34e2a803857b49632d1110a535995711.103>
    808 <.Lanon.34e2a803857b49632d1110a535995711.105>
    809 <.Lanon.34e2a803857b49632d1110a535995711.106>
    810 <.Lanon.d1cbb9e125cb8d89af7486d0a3beeb3f.4>
    811 <.Lanon.d1cbb9e125cb8d89af7486d0a3beeb3f.5>
    812 <.Lanon.d1cbb9e125cb8d89af7486d0a3beeb3f.7>
    813 <.Lanon.d1cbb9e125cb8d89af7486d0a3beeb3f.8>
    814 <.Lanon.d1cbb9e125cb8d89af7486d0a3beeb3f.9>
    815 <.Lanon.d1cbb9e125cb8d89af7486d0a3beeb3f.10>
    816 <.Lanon.850abc7070cad3aaf54fc18349b11383.2>
    817 <.Lanon.850abc7070cad3aaf54fc18349b11383.7>
    818 <.Lanon.850abc7070cad3aaf54fc18349b11383.8>
    819 <.Lanon.850abc7070cad3aaf54fc18349b11383.9>
    820 <.Lanon.850abc7070cad3aaf54fc18349b11383.10>
    821 <.Lanon.d8aea96bde7621720d8eebb0a9215221.0>
    822 <.Lanon.d8aea96bde7621720d8eebb0a9215221.1>
    823 <wasm_bindgen_futures::task::singlethread::Task::into_raw_waker::VTABLE::hc9ed02da2e959ee4>
    824 <.Lanon.d8aea96bde7621720d8eebb0a9215221.5>
    825 <.Lanon.6543075fd68f4d6599bf6aebcc45076e.0>
  Exports: 3
    29 <dlmalloc::dlmalloc::Dlmalloc<A>::malloc::h6dc9611e5a260cc8>
    69 <alloc::raw_vec::handle_error::hffd4f9c6873ec0fb>
    717 <.Lanon.8353eafc0686ece12291357d89b43616.8>

Module #1: static_str
  Defined symbols: 2
    67 <__wasm_split_00static_str00_export_776d8e51aac0782b17e57d45872c52d7_static_str>
    735 <.Lanon.8353eafc0686ece12291357d89b43616.15>
  Imports: 1
    29 <dlmalloc::dlmalloc::Dlmalloc<A>::malloc::h6dc9611e5a260cc8>
  Split points: 1
    "776d8e51aac0782b17e57d45872c52d7_static_str"

Module #2: string_from_static
  Defined symbols: 3
    68 <__wasm_split_00string_from_static00_export_17997317cc392c52ed3bea15880aab65_string_from_static>
    730 <.Lanon.8353eafc0686ece12291357d89b43616.9>
    738 <.Lanon.8353eafc0686ece12291357d89b43616.18>
  Imports: 3
    29 <dlmalloc::dlmalloc::Dlmalloc<A>::malloc::h6dc9611e5a260cc8>
    69 <alloc::raw_vec::handle_error::hffd4f9c6873ec0fb>
    717 <.Lanon.8353eafc0686ece12291357d89b43616.8>
  Split points: 1
    "17997317cc392c52ed3bea15880aab65_string_from_static"
