---
source: crates/wamex-cli/tests/snapshot.rs
expression: "format!(\"{:#?}\", exports)"
---
{
    "__data_end",
    "__externref_drop_slice",
    "__externref_table_alloc",
    "__externref_table_dealloc",
    "__heap_base",
    "__indirect_function_table",
    "__stack_pointer",
    "__wamex__RNvCs3a3n7XucIXy_7___rustc14___rust_dealloc",
    "__wamex__ZN10wamex_link10js_helpers12copy_imports17h6f522ab4b9be86feE",
    "__wamex__ZN10wamex_link11deserialize13parse_version17hf8ce4b381850a076E",
    "__wamex__ZN10wamex_link11deserialize14buffer_to_rust17hbf8982e5db68d855E",
    "__wamex__ZN10wamex_link11deserialize20deserialize_metadata17h11bd074f3ab4c4cdE",
    "__wamex__ZN10wamex_link12LinkageState6global17h6ed73d637f262227E",
    "__wamex__ZN10wamex_link12LinkageState6global17hc6207d11fabe2b10E",
    "__wamex__ZN10wamex_link12LinkageState6global17hc745848a29eabf47E",
    "__wamex__ZN10wamex_link12LinkageState6global17hfcf5dd1359812f90E",
    "__wamex__ZN10wamex_link8ModuleId3new17ha1ad30746eb960f6E",
    "__wamex__ZN10wamex_link8ModuleId9build_url17haab9dfc6ab979fb4E",
    "__wamex__ZN12wasm_bindgen4__rt8wbg_cast17breaks_if_inlined17haa9729e778bb4febE",
    "__wamex__ZN12wasm_bindgen4__rt8wbg_cast17breaks_if_inlined17hed65296ad41b2574E",
    "__wamex__ZN132_$LT$alloc..vec..Vec$LT$T$C$A$GT$$u20$as$u20$alloc..vec..spec_extend..SpecExtend$LT$$RF$T$C$core..slice..iter..Iter$LT$T$GT$$GT$$GT$11spec_extend17h5422ffb3245210a3E",
    "__wamex__ZN254_$LT$alloc..boxed..convert..$LT$impl$u20$core..convert..From$LT$alloc..string..String$GT$$u20$for$u20$alloc..boxed..Box$LT$dyn$u20$core..error..Error$u2b$core..marker..Sync$u2b$core..marker..Send$GT$$GT$..from..StringError$u20$as$u20$core..fmt..Debug$GT$3fmt17hb3e8a33e5eea1e1cE",
    "__wamex__ZN256_$LT$alloc..boxed..convert..$LT$impl$u20$core..convert..From$LT$alloc..string..String$GT$$u20$for$u20$alloc..boxed..Box$LT$dyn$u20$core..error..Error$u2b$core..marker..Sync$u2b$core..marker..Send$GT$$GT$..from..StringError$u20$as$u20$core..fmt..Display$GT$3fmt17h1665516f5f7971c0E",
    "__wamex__ZN3log13__private_api3log17h1ebc0da2d0843837E",
    "__wamex__ZN42_$LT$$RF$T$u20$as$u20$core..fmt..Debug$GT$3fmt17h37f92c60587494afE",
    "__wamex__ZN4core3fmt3num3imp52_$LT$impl$u20$core..fmt..Display$u20$for$u20$u32$GT$3fmt17h52f0cbdbc83f76f3E",
    "__wamex__ZN4core3fmt3num50_$LT$impl$u20$core..fmt..Debug$u20$for$u20$u32$GT$3fmt17h00a4b416a9111792E",
    "__wamex__ZN4core3fmt5Write9write_fmt17hde2228fa5c67f989E",
    "__wamex__ZN4core3fmt9Formatter26debug_struct_fields_finish17he9a90b46c39b319fE",
    "__wamex__ZN4core3ptr238drop_in_place$LT$alloc..boxed..convert..$LT$impl$u20$core..convert..From$LT$alloc..string..String$GT$$u20$for$u20$alloc..boxed..Box$LT$dyn$u20$core..error..Error$u2b$core..marker..Sync$u2b$core..marker..Send$GT$$GT$..from..StringError$GT$17ha3e5a940f5d0bdd7E",
    "__wamex__ZN4core3ptr38drop_in_place$LT$wamex_link..Error$GT$17h02daeb3e99362343E.270",
    "__wamex__ZN4core3ptr60drop_in_place$LT$wamex_metadata..dylink0..Dylink0Section$GT$17h0d3b938328eb5e2bE",
    "__wamex__ZN4core3ptr72drop_in_place$LT$wamex_link..load_inner..$u7b$$u7b$closure$u7d$$u7d$$GT$17hc5fb289af4073a06E.264",
    "__wamex__ZN4core3ptr73drop_in_place$LT$alloc..vec..Vec$LT$alloc..borrow..Cow$LT$str$GT$$GT$$GT$17h55601df1c267cc97E",
    "__wamex__ZN4core3ptr74drop_in_place$LT$wamex_link..fetch_buffer..$u7b$$u7b$closure$u7d$$u7d$$GT$17h55d2c5ba2120249eE",
    "__wamex__ZN4core5error5Error11description17h17fc6f37f7854e46E",
    "__wamex__ZN4core5error5Error5cause17h4f798c905ce05445E",
    "__wamex__ZN4core5error5Error5cause17hcc680381800f74f7E",
    "__wamex__ZN4core5error5Error7provide17h19a0a1ae8c5b7242E",
    "__wamex__ZN4core5error5Error7type_id17h17c75e5272407267E",
    "__wamex__ZN4core5error5Error7type_id17h73c4f9d217a261aaE",
    "__wamex__ZN4core5slice6memchr14memchr_aligned17h2da61a9a326c02b8E",
    "__wamex__ZN4core6option13expect_failed17hf7d4cb9cdecdc25fE",
    "__wamex__ZN4core6option13unwrap_failed17h9ca0a02654714ca8E",
    "__wamex__ZN4core6result13unwrap_failed17hfc8901a33c6d9bcbE",
    "__wamex__ZN4core9panicking11panic_const28panic_const_async_fn_resumed17hcdc7963235d4e518E",
    "__wamex__ZN51_$LT$js_sys..Object$u20$as$u20$core..fmt..Debug$GT$3fmt17h5aa3cd18a85d5f05E",
    "__wamex__ZN53_$LT$core..fmt..Error$u20$as$u20$core..fmt..Debug$GT$3fmt17hf55c44ad27aff468E",
    "__wamex__ZN54_$LT$wamex_link..Error$u20$as$u20$core..fmt..Debug$GT$3fmt17h2698eae075ce34edE",
    "__wamex__ZN56_$LT$wamex_link..Error$u20$as$u20$core..error..Error$GT$6source17h7e197552fb7329eaE",
    "__wamex__ZN56_$LT$wamex_link..Error$u20$as$u20$core..fmt..Display$GT$3fmt17h12e67f2b1fe73548E",
    "__wamex__ZN57_$LT$wamex_link..ModuleId$u20$as$u20$core..fmt..Debug$GT$3fmt17hcfd969c84baafbc7E",
    "__wamex__ZN58_$LT$alloc..string..String$u20$as$u20$core..fmt..Debug$GT$3fmt17h993cbc849f41876eE",
    "__wamex__ZN58_$LT$alloc..string..String$u20$as$u20$core..fmt..Write$GT$10write_char17h9be285c8d1dbe801E",
    "__wamex__ZN58_$LT$alloc..string..String$u20$as$u20$core..fmt..Write$GT$9write_str17h29bf60e6a1da2760E",
    "__wamex__ZN5alloc2rc15Rc$LT$T$C$A$GT$9drop_slow17h592d33e4db92507cE",
    "__wamex__ZN5alloc7raw_vec12handle_error17h3d3f256ad1600b52E",
    "__wamex__ZN5alloc7raw_vec20RawVecInner$LT$A$GT$10deallocate17h3013ed22802dc9d2E",
    "__wamex__ZN60_$LT$alloc..string..String$u20$as$u20$core..clone..Clone$GT$5clone17h3fb29de4deab7befE",
    "__wamex__ZN64_$LT$wamex_metadata..BumpVersion$u20$as$u20$core..fmt..Debug$GT$3fmt17hb6cfbaef06dcf1f5E",
    "__wamex__ZN65_$LT$alloc..vec..Vec$LT$T$C$A$GT$$u20$as$u20$core..fmt..Debug$GT$3fmt17h9155007153203b72E",
    "__wamex__ZN67_$LT$wamex_link..InstantiatedModule$u20$as$u20$core..fmt..Debug$GT$3fmt17h383c63341dc06e51E",
    "__wamex__ZN6js_sys11WebAssembly18instantiate_module34__wbg_instantiate_cb223d3fa84fc5d017h6e3701ac4f636293E",
    "__wamex__ZN6js_sys11WebAssembly1_86_$LT$impl$u20$wasm_bindgen..cast..JsCast$u20$for$u20$js_sys..WebAssembly..Instance$GT$10instanceof42__wbg_instanceof_Instance_4da4ddac4f174c0417h09fa0f411c536dbdE",
    "__wamex__ZN6js_sys11WebAssembly6Module15custom_sections37__wbg_customSections_bf03a28d320e398617h5fab2addd59eeb0eE",
    "__wamex__ZN6js_sys11WebAssembly6Module3new17h56055443bd158ea8E",
    "__wamex__ZN6js_sys5Array3get26__wbg_get_0c3cc364764a0b9817h8a220c3ad6d78e83E",
    "__wamex__ZN6js_sys5Array6length29__wbg_length_12246a78d2f65d3a17h917f6818d6b20892E",
    "__wamex__ZN6js_sys6Object3new26__wbg_new_67abf4a77618ee3e17h90c61ae10df5fb39E",
    "__wamex__ZN6js_sys7Reflect3set17hb7465981bc17ad4fE",
    "__wamex__ZN72_$LT$core..pin..Pin$LT$P$GT$$u20$as$u20$core..future..future..Future$GT$4poll17h2bd5ac9473590c38E",
    "__wamex__ZN79_$LT$wasm_bindgen_futures..JsFuture$u20$as$u20$core..future..future..Future$GT$4poll17h4438ecdf49ae5382E",
    "__wamex__ZN7example3sub16multiple_dyn_fns28_$u7b$$u7b$closure$u7d$$u7d$90__wasm_split_00multiple_dyn_fns00_import_d8b6697e7a618286107f21494e9611c7_multiple_dyn_fns17h98fe6b866383f6b7E",
    "__wamex__ZN7web_sys6window17h869557b445bb5304E",
    "__wamex__ZN7web_sys8features10gen_Window6Window18fetch_with_request28__wbg_fetch_d817b5362e58b61d17h189e61689db53e61E",
    "__wamex__ZN7web_sys8features11gen_Request7Request12new_with_str17h13d839890ebefcebE",
    "__wamex__ZN7web_sys8features12gen_Response1_98_$LT$impl$u20$wasm_bindgen..cast..JsCast$u20$for$u20$web_sys..features..gen_Response..Response$GT$10instanceof42__wbg_instanceof_Response_5b683150ad96eb7317h27f5aed49b9b64a7E",
    "__wamex__ZN7web_sys8features12gen_Response8Response12array_buffer17h0cd14cda9b79ca99E",
    "__wamex__ZN8dlmalloc8dlmalloc17Dlmalloc$LT$A$GT$6malloc17h2de685e1ffc8fe2eE",
    "__wamex__ZN93_$LT$wasm_bindgen_futures..JsFuture$u20$as$u20$core..convert..From$LT$js_sys..Promise$GT$$GT$4from17h8243c0199f050081E",
    "__wamex___wbindgen_object_clone_ref",
    "__wamex___wbindgen_object_drop_ref",
    "__wbindgen_describe___wbg_1_8cb9818407efd84b",
    "__wbindgen_describe___wbg_2_402f7a062da21a15",
    "__wbindgen_describe___wbg_3_2c2673cd191fa994",
    "__wbindgen_describe___wbg_4_55655b2374373503",
    "__wbindgen_describe___wbg_5_012b593b31b2faa0",
    "__wbindgen_describe___wbg_6_43689d1634619834",
    "__wbindgen_describe___wbg_7_cc700fa77af33558",
    "__wbindgen_describe___wbg_8_08fe781ff98bd893",
    "__wbindgen_describe___wbg_9_4e5ed1d7db0f30e6",
    "__wbindgen_describe___wbg_BigInt_620548e2f5af9686",
    "__wbindgen_describe___wbg_BigInt_c083361224a5e4de",
    "__wbindgen_describe___wbg_BigInt_d65b8d67bcb7a157",
    "__wbindgen_describe___wbg_Error_e17e777aac105295",
    "__wbindgen_describe___wbg_Number_998bea33bd87c3e0",
    "__wbindgen_describe___wbg_Symbol_f8883f4e6a4b6a6c",
    "__wbindgen_describe___wbg_UTC_9bb90d20b10e8357",
    "__wbindgen_describe___wbg_abort_2b37ee39b795c4d1",
    "__wbindgen_describe___wbg_abort_436c2b179212479e",
    "__wbindgen_describe___wbg_abort_f0e664a09211cabc",
    "__wbindgen_describe___wbg_abort_fde213b331ba4055",
    "__wbindgen_describe___wbg_aborted_8a7c176d39d3840d",
    "__wbindgen_describe___wbg_abs_38b0e023e0bb2365",
    "__wbindgen_describe___wbg_acos_3ca9a296259b72f4",
    "__wbindgen_describe___wbg_acosh_925d7be4ab17a418",
    "__wbindgen_describe___wbg_addEventListener_435e8c1f21f457b2",
    "__wbindgen_describe___wbg_addEventListener_c78f03348365f498",
    "__wbindgen_describe___wbg_addEventListener_e9019691b24cb683",
    "__wbindgen_describe___wbg_add_593ff49f312ada2d",
    "__wbindgen_describe___wbg_add_5e4ad04d0e90cab6",
    "__wbindgen_describe___wbg_add_7364bdd42eb149ae",
    "__wbindgen_describe___wbg_add_b46ccc19cf98f435",
    "__wbindgen_describe___wbg_alert_abd22f703e0f0497",
    "__wbindgen_describe___wbg_alert_ecdb19aa0ece70d1",
    "__wbindgen_describe___wbg_allSettled_e604dacd4a4d1be7",
    "__wbindgen_describe___wbg_all_c30f8b8dd99f2451",
    "__wbindgen_describe___wbg_and_07890b5244743034",
    "__wbindgen_describe___wbg_and_96bda1c13fcf7b74",
    "__wbindgen_describe___wbg_any_c4916657e3ec68f4",
    "__wbindgen_describe___wbg_apply_0a14787340d769ec",
    "__wbindgen_describe___wbg_apply_9bb7fe8fff013a3f",
    "__wbindgen_describe___wbg_arrayBuffer_5f7c999e97d9e5bc",
    "__wbindgen_describe___wbg_arrayBuffer_b6fff4ef4ec59b14",
    "__wbindgen_describe___wbg_asIntN_23d288b647ece1f8",
    "__wbindgen_describe___wbg_asUintN_244fc7c51cbb8e5f",
    "__wbindgen_describe___wbg_asin_4f4c97433d16c309",
    "__wbindgen_describe___wbg_asinh_e35cfee5541e5649",
    "__wbindgen_describe___wbg_assert_060b547df0aaddd7",
    "__wbindgen_describe___wbg_assert_1d463a2da32204a4",
    "__wbindgen_describe___wbg_assert_204788b2116e549a",
    "__wbindgen_describe___wbg_assert_2237a26f7cdd00b9",
    "__wbindgen_describe___wbg_assert_3dcd4e18cfa2e510",
    "__wbindgen_describe___wbg_assert_6b8b8a036cad3608",
    "__wbindgen_describe___wbg_assert_870b56d4dad33458",
    "__wbindgen_describe___wbg_assert_be133a3e668895ec",
    "__wbindgen_describe___wbg_assert_c718edac477134d8",
    "__wbindgen_describe___wbg_assert_eac103d6a1923b06",
    "__wbindgen_describe___wbg_assign_8a8f909f3ed4d458",
    "__wbindgen_describe___wbg_assign_b70472dbbcf654c4",
    "__wbindgen_describe___wbg_assign_f08fe828a68fa5b8",
    "__wbindgen_describe___wbg_asyncIterator_e55349661595cdb5",
    "__wbindgen_describe___wbg_at_1abf0efc31a7fc6e",
    "__wbindgen_describe___wbg_at_22f464316209bb9a",
    "__wbindgen_describe___wbg_at_2305836cb96ed917",
    "__wbindgen_describe___wbg_at_3fdfa0705c127df6",
    "__wbindgen_describe___wbg_at_414be18b2a391513",
    "__wbindgen_describe___wbg_at_62130994d7d93cc0",
    "__wbindgen_describe___wbg_at_87666027169b4ba0",
    "__wbindgen_describe___wbg_at_a8fad3d9d158e0b9",
    "__wbindgen_describe___wbg_at_b0c56773abe2f4ff",
    "__wbindgen_describe___wbg_at_bb8bc6df5459b43a",
    "__wbindgen_describe___wbg_at_cc8ef4462e8fbb5b",
    "__wbindgen_describe___wbg_at_ce6058b30e9badf8",
    "__wbindgen_describe___wbg_at_d85b739f889eb366",
    "__wbindgen_describe___wbg_atan2_ec5968bdb34ad895",
    "__wbindgen_describe___wbg_atan_5b5aff7427cd88ce",
    "__wbindgen_describe___wbg_atanh_96890464e97549c8",
    "__wbindgen_describe___wbg_atob_951e21ee19a588b1",
    "__wbindgen_describe___wbg_bind_07c63d4b9ebd35ed",
    "__wbindgen_describe___wbg_bind_081e44f346f54911",
    "__wbindgen_describe___wbg_bind_0f1923cecb892261",
    "__wbindgen_describe___wbg_bind_73128af63e758223",
    "__wbindgen_describe___wbg_bind_a735f62d385d448f",
    "__wbindgen_describe___wbg_blob_cb1cc06cb72bab0c",
    "__wbindgen_describe___wbg_blob_cebd152773e5ee1b",
    "__wbindgen_describe___wbg_blur_ad56f5be88548ecf",
    "__wbindgen_describe___wbg_bodyUsed_6a9b2857e1e9346a",
    "__wbindgen_describe___wbg_bodyUsed_ca43e4f655e38d8d",
    "__wbindgen_describe___wbg_body_1aba6f30be51ba0c",
    "__wbindgen_describe___wbg_body_dd51e5e0d060640a",
    "__wbindgen_describe___wbg_btoa_72604c28bf8587f0",
    "__wbindgen_describe___wbg_buffer_11dfed7285906880",
    "__wbindgen_describe___wbg_buffer_2cfb96ac38619946",
    "__wbindgen_describe___wbg_buffer_371b4d96aeea210b",
    "__wbindgen_describe___wbg_buffer_3dc2cb13cb9bd7a0",
    "__wbindgen_describe___wbg_buffer_470ac73621cf4072",
    "__wbindgen_describe___wbg_buffer_4f34837a8abfea00",
    "__wbindgen_describe___wbg_buffer_68d1ede7891b3f27",
    "__wbindgen_describe___wbg_buffer_834ebf41f4d32471",
    "__wbindgen_describe___wbg_buffer_a24f9c0dd3fb1d5b",
    "__wbindgen_describe___wbg_buffer_bacd7706db793204",
    "__wbindgen_describe___wbg_buffer_c62ccfdf63614eb3",
    "__wbindgen_describe___wbg_buffer_de79d246492a22d7",
    "__wbindgen_describe___wbg_buffer_ef9774282e5dab94",
    "__wbindgen_describe___wbg_byobRequest_09b5dc37d69d4444",
    "__wbindgen_describe___wbg_byteLength_1224d74e3e3127bd",
    "__wbindgen_describe___wbg_byteLength_249a2b65c8315d45",
    "__wbindgen_describe___wbg_byteLength_26a7b76d55e3f2e2",
    "__wbindgen_describe___wbg_byteLength_4b0c4d002b6b9d03",
    "__wbindgen_describe___wbg_byteLength_5372ed1e7a498d8b",
    "__wbindgen_describe___wbg_byteLength_67031b3e2b546fdf",
    "__wbindgen_describe___wbg_byteLength_7314dcd3963f6228",
    "__wbindgen_describe___wbg_byteLength_9733f77214eeb147",
    "__wbindgen_describe___wbg_byteLength_9b3b854b1d662581",
    "__wbindgen_describe___wbg_byteLength_c17240808edf2660",
    "__wbindgen_describe___wbg_byteLength_d52de988f95295b2",
    "__wbindgen_describe___wbg_byteLength_f401f031f06712ad",
    "__wbindgen_describe___wbg_byteLength_fbdfd573f4b0f5f2",
    "__wbindgen_describe___wbg_byteLength_fef2dee37e510e92",
    "__wbindgen_describe___wbg_byteOffset_255330ddcdcd72ce",
    "__wbindgen_describe___wbg_byteOffset_258b01a6e028d52f",
    "__wbindgen_describe___wbg_byteOffset_373f5bc805def1b6",
    "__wbindgen_describe___wbg_byteOffset_406093361ecd6c31",
    "__wbindgen_describe___wbg_byteOffset_5ec2bb5030ce8212",
    "__wbindgen_describe___wbg_byteOffset_657078626c300374",
    "__wbindgen_describe___wbg_byteOffset_7fca107d7d193694",
    "__wbindgen_describe___wbg_byteOffset_86b1a4b13fed7a3c",
    "__wbindgen_describe___wbg_byteOffset_a3c70ee99206c958",
    "__wbindgen_describe___wbg_byteOffset_c649eaf76c0224db",
    "__wbindgen_describe___wbg_byteOffset_d7f6a195456ebe83",
    "__wbindgen_describe___wbg_byteOffset_fe09c874cca3ab20",
    "__wbindgen_describe___wbg_call_0ad083564791763a",
    "__wbindgen_describe___wbg_call_a34b6b4765f27be0",
    "__wbindgen_describe___wbg_call_d00953b926be4879",
    "__wbindgen_describe___wbg_call_efe5a4db7065d1a2",
    "__wbindgen_describe___wbg_cancelAnimationFrame_64901b0a719bd740",
    "__wbindgen_describe___wbg_cancelIdleCallback_84164851385365f6",
    "__wbindgen_describe___wbg_cancel_2bfbed98c63c4277",
    "__wbindgen_describe___wbg_cancel_44e8afb3ec0a291c",
    "__wbindgen_describe___wbg_cancel_87624186cb831f33",
    "__wbindgen_describe___wbg_cancel_af2d0a7968a2ab35",
    "__wbindgen_describe___wbg_cancel_e20e4028e9584985",
    "__wbindgen_describe___wbg_cancel_f66d69796f618d32",
    "__wbindgen_describe___wbg_captureEvents_391358d3229f0351",
    "__wbindgen_describe___wbg_catch_5f3fc20cabd97c0a",
    "__wbindgen_describe___wbg_cause_79507dc25db854f5",
    "__wbindgen_describe___wbg_cbrt_49a245901866566f",
    "__wbindgen_describe___wbg_ceil_3034967e4c816245",
    "__wbindgen_describe___wbg_charAt_f575a6d629c1afc4",
    "__wbindgen_describe___wbg_charCodeAt_43af4d9f39ff662d",
    "__wbindgen_describe___wbg_clearInterval_05293cdc3e8dfc9b",
    "__wbindgen_describe___wbg_clearInterval_c30f04099b59be9d",
    "__wbindgen_describe___wbg_clearTimeout_8b5e8dedbdf62ab8",
    "__wbindgen_describe___wbg_clearTimeout_df9ca545282b5838",
    "__wbindgen_describe___wbg_clear_0ac9da9552939057",
    "__wbindgen_describe___wbg_clear_46524752c2e8115c",
    "__wbindgen_describe___wbg_clear_6b3ce5400510a1c4",
    "__wbindgen_describe___wbg_clone_3cf8d8d406e669ba",
    "__wbindgen_describe___wbg_clone_885666517aff981e",
    "__wbindgen_describe___wbg_close_0c427a402f8b2185",
    "__wbindgen_describe___wbg_close_5c8bca330cb43566",
    "__wbindgen_describe___wbg_close_6b77bb4fd5a64ab0",
    "__wbindgen_describe___wbg_close_acae7376b3a85654",
    "__wbindgen_describe___wbg_close_b47b5a7de57a1af7",
    "__wbindgen_describe___wbg_closed_29919c770a572b9d",
    "__wbindgen_describe___wbg_closed_784a4a2e0ee1b7e8",
    "__wbindgen_describe___wbg_closed_8083aa83f96c481a",
    "__wbindgen_describe___wbg_closed_dbc72eb4a622e634",
    "__wbindgen_describe___wbg_clz32_7abf2159b393fd8b",
    "__wbindgen_describe___wbg_codePointAt_bd8740a8044b8683",
    "__wbindgen_describe___wbg_compareExchange_9adab989c2d26554",
    "__wbindgen_describe___wbg_compareExchange_fd62ef9dbfbb1e5e",
    "__wbindgen_describe___wbg_compare_98b0d6cd20b507e1",
    "__wbindgen_describe___wbg_compileStreaming_454156f58bd8547e",
    "__wbindgen_describe___wbg_compile_af1ec72d053d5d50",
    "__wbindgen_describe___wbg_concat_b7cf6b6d57f30cc9",
    "__wbindgen_describe___wbg_concat_df045385107e465c",
    "__wbindgen_describe___wbg_confirm_d047a6890a348263",
    "__wbindgen_describe___wbg_confirm_f1c4ace82e0c68fb",
    "__wbindgen_describe___wbg_construct_7f2ea899a572391a",
    "__wbindgen_describe___wbg_construct_8bab24d23d9a96ef",
    "__wbindgen_describe___wbg_constructor_6db1368ddcd6e376",
    "__wbindgen_describe___wbg_copyWithin_c7db88e1373c8b23",
    "__wbindgen_describe___wbg_cos_c926004bd79fb01a",
    "__wbindgen_describe___wbg_cosh_54341d8d4bcd77e7",
    "__wbindgen_describe___wbg_countReset_122093b05b9cef79",
    "__wbindgen_describe___wbg_countReset_9a58dac7bbd24ac4",
    "__wbindgen_describe___wbg_count_92e631a0cb68fe30",
    "__wbindgen_describe___wbg_count_9662aa824b733fee",
    "__wbindgen_describe___wbg_create_9a164f36b5041080",
    "__wbindgen_describe___wbg_customSections_bf03a28d320e3986",
    "__wbindgen_describe___wbg_debug_16b11cf176dbfff9",
    "__wbindgen_describe___wbg_debug_2c65ecaa7ef8021b",
    "__wbindgen_describe___wbg_debug_338493c12960e4a7",
    "__wbindgen_describe___wbg_debug_376983b41a0c05c3",
    "__wbindgen_describe___wbg_debug_58639609de5799c1",
    "__wbindgen_describe___wbg_debug_6ae1b9b56d0b8819",
    "__wbindgen_describe___wbg_debug_715158635e16af1e",
    "__wbindgen_describe___wbg_debug_ef9b9c18da488fb4",
    "__wbindgen_describe___wbg_debug_f201c091a5d2019b",
    "__wbindgen_describe___wbg_decodeURIComponent_a8e924efdf198e65",
    "__wbindgen_describe___wbg_decodeURI_3700bbbb32220db0",
    "__wbindgen_describe___wbg_defineProperties_79403dc5be815bd7",
    "__wbindgen_describe___wbg_defineProperty_4c015afc76e3ff94",
    "__wbindgen_describe___wbg_defineProperty_bcacd2a4f792974a",
    "__wbindgen_describe___wbg_deleteProperty_c99ace812bf5c8a8",
    "__wbindgen_describe___wbg_delete_6b3041719a4a0282",
    "__wbindgen_describe___wbg_delete_87d60ac9ac6217a6",
    "__wbindgen_describe___wbg_delete_8b258a999ef923e0",
    "__wbindgen_describe___wbg_delete_c5fa77e659cedc13",
    "__wbindgen_describe___wbg_delete_f55147382d9490a4",
    "__wbindgen_describe___wbg_desiredSize_21227aa244db3bcd",
    "__wbindgen_describe___wbg_desiredSize_54e072142346c5b9",
    "__wbindgen_describe___wbg_desiredSize_78f522bcc82c5186",
    "__wbindgen_describe___wbg_desiredSize_c84bec7e8d5ff022",
    "__wbindgen_describe___wbg_devicePixelRatio_42bc5c2275b84ece",
    "__wbindgen_describe___wbg_dir_17c759a0966fac7e",
    "__wbindgen_describe___wbg_dir_36ede7a79b5758b3",
    "__wbindgen_describe___wbg_dir_38e157702bef1ff9",
    "__wbindgen_describe___wbg_dir_3ae19db607aec99d",
    "__wbindgen_describe___wbg_dir_722f75c70bdbaffe",
    "__wbindgen_describe___wbg_dir_8b2f2dbccf2a3edf",
    "__wbindgen_describe___wbg_dir_9c47c3bed54e43c0",
    "__wbindgen_describe___wbg_dir_c6d244c28592e31d",
    "__wbindgen_describe___wbg_dir_d42c285b9e46c9b3",
    "__wbindgen_describe___wbg_dirxml_0ac50c8e1a4c0e39",
    "__wbindgen_describe___wbg_dirxml_1f1f57cc92865835",
    "__wbindgen_describe___wbg_dirxml_381d8f5d28e406c2",
    "__wbindgen_describe___wbg_dirxml_43da57802e60494c",
    "__wbindgen_describe___wbg_dirxml_775b0ca0b1264722",
    "__wbindgen_describe___wbg_dirxml_93d21c71c83ce29a",
    "__wbindgen_describe___wbg_dirxml_a96f5fff7f9b7776",
    "__wbindgen_describe___wbg_dirxml_ba30a7e3f97aa3f2",
    "__wbindgen_describe___wbg_dirxml_e6003508e3b00d0e",
    "__wbindgen_describe___wbg_done_f4c254830a095eaf",
    "__wbindgen_describe___wbg_encodeURIComponent_9c207de6ea421c2c",
    "__wbindgen_describe___wbg_encodeURI_4ed548fd24cd099a",
    "__wbindgen_describe___wbg_endsWith_b8b89b5b5380f7e5",
    "__wbindgen_describe___wbg_enqueue_4ea8e83cb549f49a",
    "__wbindgen_describe___wbg_enqueue_809a0d4c49ef6c3b",
    "__wbindgen_describe___wbg_enqueue_9c4a1bb1bb471a36",
    "__wbindgen_describe___wbg_enqueue_b3ac1fbe83ef8d0c",
    "__wbindgen_describe___wbg_enqueue_b515846ee69bf641",
    "__wbindgen_describe___wbg_enqueue_d662c8477ae9ba17",
    "__wbindgen_describe___wbg_entries_4dce6361e3ba6fbc",
    "__wbindgen_describe___wbg_entries_83beb641792ccb9c",
    "__wbindgen_describe___wbg_entries_8e5c4049d8590b32",
    "__wbindgen_describe___wbg_entries_f769ac2219e993fa",
    "__wbindgen_describe___wbg_error_04edf5ed46234147",
    "__wbindgen_describe___wbg_error_22aec7fac4ee7067",
    "__wbindgen_describe___wbg_error_6ff5a7d8d8353985",
    "__wbindgen_describe___wbg_error_71e3fd16860e1aa8",
    "__wbindgen_describe___wbg_error_852b114509bed301",
    "__wbindgen_describe___wbg_error_88b8d8236a9f6592",
    "__wbindgen_describe___wbg_error_8a7759dd46d5c132",
    "__wbindgen_describe___wbg_error_937e035ab17b6a51",
    "__wbindgen_describe___wbg_error_94252a8e90b35b8e",
    "__wbindgen_describe___wbg_error_9a06b9a13ffa3805",
    "__wbindgen_describe___wbg_error_9c71c8d705df7a81",
    "__wbindgen_describe___wbg_error_afd05d3fc1f414ce",
    "__wbindgen_describe___wbg_error_b7e37bc420f8b0e6",
    "__wbindgen_describe___wbg_error_c493d6666a8f1905",
    "__wbindgen_describe___wbg_error_dbc18ef0ffde624f",
    "__wbindgen_describe___wbg_error_e6333355a1dbdf1b",
    "__wbindgen_describe___wbg_error_fa834327f1b3969d",
    "__wbindgen_describe___wbg_error_ff3683e7bb7d288d",
    "__wbindgen_describe___wbg_escape_3d9fefde3c38a3d4",
    "__wbindgen_describe___wbg_eval_d20089e12db29559",
    "__wbindgen_describe___wbg_event_3ccee99b57ebace2",
    "__wbindgen_describe___wbg_every_8b315d73e5080f3f",
    "__wbindgen_describe___wbg_exception_1258c946ccf08417",
    "__wbindgen_describe___wbg_exception_16cec15ccf5f6871",
    "__wbindgen_describe___wbg_exception_44b5c50813e7634d",
    "__wbindgen_describe___wbg_exception_78d7729add6841cd",
    "__wbindgen_describe___wbg_exception_8eeac21e8fc346d8",
    "__wbindgen_describe___wbg_exception_a8058bee3eaf0593",
    "__wbindgen_describe___wbg_exception_e0278339c3fd133e",
    "__wbindgen_describe___wbg_exception_e306cda67d5471cb",
    "__wbindgen_describe___wbg_exception_f517068fde024de5",
    "__wbindgen_describe___wbg_exchange_6635d2554be1b9b3",
    "__wbindgen_describe___wbg_exchange_f55aeb5b87b8473f",
    "__wbindgen_describe___wbg_exec_901efe5af0edea94",
    "__wbindgen_describe___wbg_exp_e81f0f62b7a640de",
    "__wbindgen_describe___wbg_expm1_021c8cfcc88f1a4f",
    "__wbindgen_describe___wbg_exports_43cd586a0b9a0663",
    "__wbindgen_describe___wbg_exports_f510e4afeb55b76a",
    "__wbindgen_describe___wbg_fetch_86d337cd67c3df4b",
    "__wbindgen_describe___wbg_fetch_d817b5362e58b61d",
    "__wbindgen_describe___wbg_fill_2f3c568e1870945d",
    "__wbindgen_describe___wbg_fill_3a0282e8abcf56b6",
    "__wbindgen_describe___wbg_fill_5d2a8ddfb1d57793",
    "__wbindgen_describe___wbg_fill_839d08edf23ed6df",
    "__wbindgen_describe___wbg_fill_8667a36cd87d03d8",
    "__wbindgen_describe___wbg_fill_9d26e4d0d08d0b40",
    "__wbindgen_describe___wbg_fill_aeadda0ff4061ccb",
    "__wbindgen_describe___wbg_fill_bcb4a6f23443115b",
    "__wbindgen_describe___wbg_fill_c3ec9fd5df7eb581",
    "__wbindgen_describe___wbg_fill_d65df3269890f7e7",
    "__wbindgen_describe___wbg_fill_fd003025d32574a9",
    "__wbindgen_describe___wbg_fill_ff2624bcc909289d",
    "__wbindgen_describe___wbg_filter_7e2996638900e1d7",
    "__wbindgen_describe___wbg_finally_17e3e2f8907afdc9",
    "__wbindgen_describe___wbg_findIndex_fba8b3bd76912b63",
    "__wbindgen_describe___wbg_find_d0bfe85a67028d86",
    "__wbindgen_describe___wbg_flags_4d37cd4fbef9161f",
    "__wbindgen_describe___wbg_flatMap_1c303dcb962239b4",
    "__wbindgen_describe___wbg_flat_71c9f15786d3f75e",
    "__wbindgen_describe___wbg_floor_c055a70ab1ec041a",
    "__wbindgen_describe___wbg_focus_a02898f2680c3d03",
    "__wbindgen_describe___wbg_forEach_0bc504c32ef3d80d",
    "__wbindgen_describe___wbg_forEach_29a2795c00b7de20",
    "__wbindgen_describe___wbg_forEach_3cb5e9c792a1f96d",
    "__wbindgen_describe___wbg_forEach_40323ef90772e775",
    "__wbindgen_describe___wbg_forEach_4ada8c4d2e742be7",
    "__wbindgen_describe___wbg_forEach_7c4395dec06b4471",
    "__wbindgen_describe___wbg_forEach_88d4e6d87182a621",
    "__wbindgen_describe___wbg_forEach_91f3deaf7f968a02",
    "__wbindgen_describe___wbg_forEach_b94517082da888ff",
    "__wbindgen_describe___wbg_forEach_c5c721b3eb1eca61",
    "__wbindgen_describe___wbg_forEach_cccaa6257cf05971",
    "__wbindgen_describe___wbg_forEach_d5e16038ed66863b",
    "__wbindgen_describe___wbg_forEach_dacccf1786d50f5f",
    "__wbindgen_describe___wbg_forEach_e36f14232926b882",
    "__wbindgen_describe___wbg_for_7d14376c5dc2d98f",
    "__wbindgen_describe___wbg_formData_55bd5825912af2b9",
    "__wbindgen_describe___wbg_formData_8bd3966a53debc04",
    "__wbindgen_describe___wbg_formatToParts_19830a86336f7a50",
    "__wbindgen_describe___wbg_formatToParts_78000f7db6667d03",
    "__wbindgen_describe___wbg_formatToParts_7984a871e3e7e0f0",
    "__wbindgen_describe___wbg_format_02a039dcb5e789c9",
    "__wbindgen_describe___wbg_format_a9e1239df46545d0",
    "__wbindgen_describe___wbg_format_dd85a05737f53b26",
    "__wbindgen_describe___wbg_frames_71e5ec1dfab89929",
    "__wbindgen_describe___wbg_freeze_09e599a46ff86884",
    "__wbindgen_describe___wbg_fromCharCode_04220156b6893a2f",
    "__wbindgen_describe___wbg_fromCharCode_22f65fdacc85f9d2",
    "__wbindgen_describe___wbg_fromCharCode_259bf017c5f9d283",
    "__wbindgen_describe___wbg_fromCharCode_754b16b0addc98fc",
    "__wbindgen_describe___wbg_fromCharCode_a06ffba81b03ce10",
    "__wbindgen_describe___wbg_fromCharCode_bf998401f391889e",
    "__wbindgen_describe___wbg_fromCodePoint_07ac9b3f44ce2fa0",
    "__wbindgen_describe___wbg_fromCodePoint_28f6867a872fb450",
    "__wbindgen_describe___wbg_fromCodePoint_4409faae2b0bdd01",
    "__wbindgen_describe___wbg_fromCodePoint_8bb0ad2320d8310e",
    "__wbindgen_describe___wbg_fromCodePoint_bea7d4157cb76bbf",
    "__wbindgen_describe___wbg_fromCodePoint_eb370362415065e9",
    "__wbindgen_describe___wbg_fromEntries_b7fbce53623419c1",
    "__wbindgen_describe___wbg_from_3aa0fcaa8eef0104",
    "__wbindgen_describe___wbg_fround_e93c772678718013",
    "__wbindgen_describe___wbg_getArg_ac63c4e60d9f63fd",
    "__wbindgen_describe___wbg_getCanonicalLocales_acbb8d50956b8117",
    "__wbindgen_describe___wbg_getDate_be2a89a16e766eb6",
    "__wbindgen_describe___wbg_getDay_84cb9b5ea24e793f",
    "__wbindgen_describe___wbg_getFloat32_00eca882e0792e82",
    "__wbindgen_describe___wbg_getFloat32_d4c01f5f67a223eb",
    "__wbindgen_describe___wbg_getFloat64_942ba3ad7bf5fdda",
    "__wbindgen_describe___wbg_getFloat64_ad085842cc8edd69",
    "__wbindgen_describe___wbg_getFullYear_f085d10495856d3d",
    "__wbindgen_describe___wbg_getHours_892db21ad2e61133",
    "__wbindgen_describe___wbg_getInt16_2c494f3019c57c35",
    "__wbindgen_describe___wbg_getInt16_c70f5952012b2fb1",
    "__wbindgen_describe___wbg_getInt32_4b8fd738e765a6c5",
    "__wbindgen_describe___wbg_getInt32_ab8ca1fc316f569c",
    "__wbindgen_describe___wbg_getInt8_a1c93e6caa26b380",
    "__wbindgen_describe___wbg_getMilliseconds_cd56e0f0faa1bb96",
    "__wbindgen_describe___wbg_getMinutes_fcc2fae296250843",
    "__wbindgen_describe___wbg_getMonth_63484d13ef71e192",
    "__wbindgen_describe___wbg_getOwnPropertyDescriptor_b4b0377ffae2a8d7",
    "__wbindgen_describe___wbg_getOwnPropertyDescriptor_daf0610996c85a69",
    "__wbindgen_describe___wbg_getOwnPropertyDescriptors_77736d3fa2e47e41",
    "__wbindgen_describe___wbg_getOwnPropertyNames_bfa1ba0394639348",
    "__wbindgen_describe___wbg_getOwnPropertySymbols_767fd09948282d1c",
    "__wbindgen_describe___wbg_getPrototypeOf_254e49288f84ce9a",
    "__wbindgen_describe___wbg_getPrototypeOf_6f1e1408930a78a1",
    "__wbindgen_describe___wbg_getReader_f4ed87b32cda48ee",
    "__wbindgen_describe___wbg_getReader_fdae85ada0baafe7",
    "__wbindgen_describe___wbg_getSeconds_165b639968a54f91",
    "__wbindgen_describe___wbg_getTime_6953b8a865af729b",
    "__wbindgen_describe___wbg_getTimezoneOffset_6c191e41297e5a8e",
    "__wbindgen_describe___wbg_getUTCDate_730b03498d5ef167",
    "__wbindgen_describe___wbg_getUTCDay_1799f8b12b323a40",
    "__wbindgen_describe___wbg_getUTCFullYear_12265eeb0725664f",
    "__wbindgen_describe___wbg_getUTCHours_1870206c3ac23d8a",
    "__wbindgen_describe___wbg_getUTCMilliseconds_5ae65cba9bed8c48",
    "__wbindgen_describe___wbg_getUTCMinutes_34a5c0e4264ee2ba",
    "__wbindgen_describe___wbg_getUTCMonth_6cf49a913b795053",
    "__wbindgen_describe___wbg_getUTCSeconds_17b8ed8899968f40",
    "__wbindgen_describe___wbg_getUint16_206d4e2d31a4c2e0",
    "__wbindgen_describe___wbg_getUint16_415a566d21b50939",
    "__wbindgen_describe___wbg_getUint32_63d45e4587073756",
    "__wbindgen_describe___wbg_getUint32_b9cd884748bb4195",
    "__wbindgen_describe___wbg_getUint8_9775109ab12071aa",
    "__wbindgen_describe___wbg_getWriter_1e743c053fd282da",
    "__wbindgen_describe___wbg_get_0c3cc364764a0b98",
    "__wbindgen_describe___wbg_get_4e6b9f81dda2b9d8",
    "__wbindgen_describe___wbg_get_8a7b03e3bcffd992",
    "__wbindgen_describe___wbg_get_977cbaa63dc20090",
    "__wbindgen_describe___wbg_get_a3ad02e4fc0cb94c",
    "__wbindgen_describe___wbg_get_b996a12be035ef4f",
    "__wbindgen_describe___wbg_get_de76efd6a65feeef",
    "__wbindgen_describe___wbg_get_e456338508324d5b",
    "__wbindgen_describe___wbg_getindex_4fcd20eb928ecb19",
    "__wbindgen_describe___wbg_getindex_7c9be6a85daeb122",
    "__wbindgen_describe___wbg_getindex_817e09ac88b759d6",
    "__wbindgen_describe___wbg_getindex_824ffd51ecb80790",
    "__wbindgen_describe___wbg_getindex_979316456a4a029b",
    "__wbindgen_describe___wbg_getindex_a471648b3037c750",
    "__wbindgen_describe___wbg_getindex_a66403ac1c74f79a",
    "__wbindgen_describe___wbg_getindex_b54aa48b0a430b78",
    "__wbindgen_describe___wbg_getindex_dfd22cf2fbcf43b4",
    "__wbindgen_describe___wbg_getindex_f05bc129e4416187",
    "__wbindgen_describe___wbg_getindex_f5d39ea747809816",
    "__wbindgen_describe___wbg_globalThis_6b4d52a0b6aaeaea",
    "__wbindgen_describe___wbg_global_49324ce12193de77",
    "__wbindgen_describe___wbg_global_4c78c51c37fb2054",
    "__wbindgen_describe___wbg_groupCollapsed_0a69845b16e70c9b",
    "__wbindgen_describe___wbg_groupCollapsed_30fee8240d0dbfa1",
    "__wbindgen_describe___wbg_groupCollapsed_3f4b4c2adde6688e",
    "__wbindgen_describe___wbg_groupCollapsed_83e0bfbb663f7583",
    "__wbindgen_describe___wbg_groupCollapsed_85d3c4f3d9be7239",
    "__wbindgen_describe___wbg_groupCollapsed_8d85f092ac745a73",
    "__wbindgen_describe___wbg_groupCollapsed_c896cb63eb5c870a",
    "__wbindgen_describe___wbg_groupCollapsed_ccce6d69b31b6b7c",
    "__wbindgen_describe___wbg_groupCollapsed_f9d8cf5fa31ddc2f",
    "__wbindgen_describe___wbg_groupEnd_0a8ae39902e7d956",
    "__wbindgen_describe___wbg_group_3557f2b477ae0eab",
    "__wbindgen_describe___wbg_group_3e899cf17ce9a23a",
    "__wbindgen_describe___wbg_group_5aed892223a8b4f8",
    "__wbindgen_describe___wbg_group_5c1e2a23431ff3a4",
    "__wbindgen_describe___wbg_group_5c4720ebe00cc5aa",
    "__wbindgen_describe___wbg_group_5da32e110a342b34",
    "__wbindgen_describe___wbg_group_8bc9008026dc9ab9",
    "__wbindgen_describe___wbg_group_c86438329608a94f",
    "__wbindgen_describe___wbg_group_d63496e7b4fe1102",
    "__wbindgen_describe___wbg_grow_50f9ec39b43f4230",
    "__wbindgen_describe___wbg_grow_5be1165932613853",
    "__wbindgen_describe___wbg_hasInstance_0fa265aed5a43748",
    "__wbindgen_describe___wbg_hasOwnProperty_11a57990e90693e9",
    "__wbindgen_describe___wbg_hasOwn_715ab8025c50a812",
    "__wbindgen_describe___wbg_has_065620a2e7dcb250",
    "__wbindgen_describe___wbg_has_75b7e42b0c053a21",
    "__wbindgen_describe___wbg_has_bdec43a5ed4cb454",
    "__wbindgen_describe___wbg_has_cac1eea61e0fa1b1",
    "__wbindgen_describe___wbg_has_eee5f23ce8ee26d0",
    "__wbindgen_describe___wbg_hypot_0c27a4392b51744a",
    "__wbindgen_describe___wbg_ignoreCase_11f931967c30b1c1",
    "__wbindgen_describe___wbg_imports_db0aeb3183214857",
    "__wbindgen_describe___wbg_imul_650b3b89960a7d4a",
    "__wbindgen_describe___wbg_includes_4d64b03cd650dd50",
    "__wbindgen_describe___wbg_includes_ad2fc11c94b46710",
    "__wbindgen_describe___wbg_indexOf_208875a6fa88025a",
    "__wbindgen_describe___wbg_indexOf_752d784e5b12bd58",
    "__wbindgen_describe___wbg_info_493696cc38ae1ad0",
    "__wbindgen_describe___wbg_info_603e5084b9db67b0",
    "__wbindgen_describe___wbg_info_6c1abe3d4e1ae962",
    "__wbindgen_describe___wbg_info_6ecf4d5904b6206d",
    "__wbindgen_describe___wbg_info_6f0b32cf1375f95a",
    "__wbindgen_describe___wbg_info_8b7a23e34c1da1fb",
    "__wbindgen_describe___wbg_info_8c64c0440cb5ddcd",
    "__wbindgen_describe___wbg_info_e19370675176703e",
    "__wbindgen_describe___wbg_info_fab263669d1575ce",
    "__wbindgen_describe___wbg_innerHeight_fb3ea713a47ae687",
    "__wbindgen_describe___wbg_innerWidth_8d8ddfaffc5a3230",
    "__wbindgen_describe___wbg_input_51372bd3e3fc83b1",
    "__wbindgen_describe___wbg_instantiateStreaming_7f96838ba4ad39ed",
    "__wbindgen_describe___wbg_instantiate_303578e371f4871f",
    "__wbindgen_describe___wbg_instantiate_cb223d3fa84fc5d0",
    "__wbindgen_describe___wbg_integrity_fa3b84934bf22073",
    "__wbindgen_describe___wbg_isArray_52653600d4b65388",
    "__wbindgen_describe___wbg_isArray_8738f1062fa88586",
    "__wbindgen_describe___wbg_isConcatSpreadable_e8a6c02ae7f4c841",
    "__wbindgen_describe___wbg_isExtensible_20381e036bff55fd",
    "__wbindgen_describe___wbg_isExtensible_9a3287a15ea81ee5",
    "__wbindgen_describe___wbg_isFinite_7bbd07792ba250f5",
    "__wbindgen_describe___wbg_isFinite_fd1faac85749190b",
    "__wbindgen_describe___wbg_isFrozen_1ffe4ce609d53529",
    "__wbindgen_describe___wbg_isInteger_35627ef4be802223",
    "__wbindgen_describe___wbg_isLockFree_ae133af5b74c36a4",
    "__wbindgen_describe___wbg_isNaN_0ba2f14482db5816",
    "__wbindgen_describe___wbg_isPrototypeOf_e05da70da1fdcb1c",
    "__wbindgen_describe___wbg_isSafeInteger_a1b3e0811faecf2f",
    "__wbindgen_describe___wbg_isSealed_83a8f54c749da940",
    "__wbindgen_describe___wbg_isSecureContext_17d3080209be7f62",
    "__wbindgen_describe___wbg_isView_381a7cd8ff1f473c",
    "__wbindgen_describe___wbg_is_0d0b05a32012bec0",
    "__wbindgen_describe___wbg_is_d6c5f207fac5a36c",
    "__wbindgen_describe___wbg_iterator_c0c688f37fa815e6",
    "__wbindgen_describe___wbg_join_9eddc0587df02e59",
    "__wbindgen_describe___wbg_json_84fb52da7436b17d",
    "__wbindgen_describe___wbg_json_c088b807f3ba1860",
    "__wbindgen_describe___wbg_keyFor_84187a82c19dfb6d",
    "__wbindgen_describe___wbg_keys_45b15edb4089351e",
    "__wbindgen_describe___wbg_keys_90a7760866de5ee3",
    "__wbindgen_describe___wbg_keys_a2b38c62187b6a18",
    "__wbindgen_describe___wbg_keys_bf060e4dee6e6828",
    "__wbindgen_describe___wbg_lastIndexOf_9721279f228d237a",
    "__wbindgen_describe___wbg_lastIndexOf_c6d349bf64770c07",
    "__wbindgen_describe___wbg_lastMatch_80a33b9820849c5a",
    "__wbindgen_describe___wbg_lastParen_a0d9225ab1072024",
    "__wbindgen_describe___wbg_lastindex_5fed427b640e7b04",
    "__wbindgen_describe___wbg_leftContext_fa976355d4fd7bba",
    "__wbindgen_describe___wbg_length_12246a78d2f65d3a",
    "__wbindgen_describe___wbg_length_20a4a590cf5b5147",
    "__wbindgen_describe___wbg_length_53c6875556fbab0f",
    "__wbindgen_describe___wbg_length_561e0c8bb9ae0515",
    "__wbindgen_describe___wbg_length_79c8f66d784968d5",
    "__wbindgen_describe___wbg_length_9b6592f3848c850c",
    "__wbindgen_describe___wbg_length_a4c1a9b4c8d98104",
    "__wbindgen_describe___wbg_length_c24da17096edfe57",
    "__wbindgen_describe___wbg_length_c50d4b2a2cd38ed4",
    "__wbindgen_describe___wbg_length_d61192027cf72982",
    "__wbindgen_describe___wbg_length_d938cef012ddd54d",
    "__wbindgen_describe___wbg_length_e7c15bb147019e65",
    "__wbindgen_describe___wbg_length_eaf3c6888d6ba45c",
    "__wbindgen_describe___wbg_length_efb03223ba0f7330",
    "__wbindgen_describe___wbg_length_fa38a69bd3050ab8",
    "__wbindgen_describe___wbg_length_ff6c03fce92a5926",
    "__wbindgen_describe___wbg_load_42c709992c748804",
    "__wbindgen_describe___wbg_load_4fcfc1211a268b9c",
    "__wbindgen_describe___wbg_localeCompare_40dc0917b2227b46",
    "__wbindgen_describe___wbg_locked_55aec05709f0809c",
    "__wbindgen_describe___wbg_locked_6427ce214a5d14e2",
    "__wbindgen_describe___wbg_log10_3c5f8350d22dd877",
    "__wbindgen_describe___wbg_log1p_712368f30ee3770b",
    "__wbindgen_describe___wbg_log2_50456d8ac7008ce5",
    "__wbindgen_describe___wbg_log_0051d9677940f06b",
    "__wbindgen_describe___wbg_log_535835bdd00cb166",
    "__wbindgen_describe___wbg_log_58ed98bbdfe2a1ed",
    "__wbindgen_describe___wbg_log_620894e448135fa1",
    "__wbindgen_describe___wbg_log_83685ba3d775b8c4",
    "__wbindgen_describe___wbg_log_9995834d06f88c7c",
    "__wbindgen_describe___wbg_log_a9d992932f9401fd",
    "__wbindgen_describe___wbg_log_ba75cabccc4d0136",
    "__wbindgen_describe___wbg_log_e64c41eb4426f7aa",
    "__wbindgen_describe___wbg_log_fb766f36207a2084",
    "__wbindgen_describe___wbg_map_f903a5430255ab39",
    "__wbindgen_describe___wbg_matchAll_ccecb8248ad5db50",
    "__wbindgen_describe___wbg_match_5bf9ad58b6cdd5c8",
    "__wbindgen_describe___wbg_match_6a22b57173bf4f5a",
    "__wbindgen_describe___wbg_max_b156a5b68f6c8fd5",
    "__wbindgen_describe___wbg_message_6b6d81e3ec937f34",
    "__wbindgen_describe___wbg_method_4755471017f52c44",
    "__wbindgen_describe___wbg_min_e118dd250346091b",
    "__wbindgen_describe___wbg_moveBy_ab11a3d934d7b850",
    "__wbindgen_describe___wbg_moveTo_e1b112717e5dbb55",
    "__wbindgen_describe___wbg_multiline_0c4cddf8a76f5bb4",
    "__wbindgen_describe___wbg_name_1eea9c8b7839b40b",
    "__wbindgen_describe___wbg_name_b52f50f993b38cc1",
    "__wbindgen_describe___wbg_name_cae26bd45c58ce80",
    "__wbindgen_describe___wbg_new0_fe1554a5ea9b2468",
    "__wbindgen_describe___wbg_new_03b4c5dbcef200f2",
    "__wbindgen_describe___wbg_new_0afb3e80bab7a3ab",
    "__wbindgen_describe___wbg_new_1631f4eb2a0cf7cd",
    "__wbindgen_describe___wbg_new_185bc87afb7d69fc",
    "__wbindgen_describe___wbg_new_1c35827aa5b3918a",
    "__wbindgen_describe___wbg_new_1deb3598ea82dc58",
    "__wbindgen_describe___wbg_new_23e58ff3dd38dc24",
    "__wbindgen_describe___wbg_new_265cb3a7cf6dbcbb",
    "__wbindgen_describe___wbg_new_27cf94680d217cf5",
    "__wbindgen_describe___wbg_new_31c5ca773d242da7",
    "__wbindgen_describe___wbg_new_325a150d23028b71",
    "__wbindgen_describe___wbg_new_370dabd94482b1d4",
    "__wbindgen_describe___wbg_new_3e7632812be47443",
    "__wbindgen_describe___wbg_new_43970d48fee8956c",
    "__wbindgen_describe___wbg_new_442a01c340625e5e",
    "__wbindgen_describe___wbg_new_4852d8ca9bb8716a",
    "__wbindgen_describe___wbg_new_48a9a838b4e67314",
    "__wbindgen_describe___wbg_new_48c5a5e39157e04e",
    "__wbindgen_describe___wbg_new_4bcf1540bf4854ed",
    "__wbindgen_describe___wbg_new_4df4d23a555db943",
    "__wbindgen_describe___wbg_new_50005eaabb7dfb33",
    "__wbindgen_describe___wbg_new_518e2184725aa711",
    "__wbindgen_describe___wbg_new_59845962d1127937",
    "__wbindgen_describe___wbg_new_59a1b82b2482371a",
    "__wbindgen_describe___wbg_new_6018fa37894d131a",
    "__wbindgen_describe___wbg_new_66663387dba92587",
    "__wbindgen_describe___wbg_new_67abf4a77618ee3e",
    "__wbindgen_describe___wbg_new_69b6ef825f90567e",
    "__wbindgen_describe___wbg_new_6ac2a82ee00370b2",
    "__wbindgen_describe___wbg_new_7bbb0571f71587a3",
    "__wbindgen_describe___wbg_new_7cf992adc3a68766",
    "__wbindgen_describe___wbg_new_7d8833cf9cb57bf7",
    "__wbindgen_describe___wbg_new_7da77890e3b9dd5b",
    "__wbindgen_describe___wbg_new_7f6cdb425945ba92",
    "__wbindgen_describe___wbg_new_840e2505836b922c",
    "__wbindgen_describe___wbg_new_895409caad7c9110",
    "__wbindgen_describe___wbg_new_9b3e0e0ec6a2f9d5",
    "__wbindgen_describe___wbg_new_a74ba185f3d463be",
    "__wbindgen_describe___wbg_new_a96f21efc59c18b1",
    "__wbindgen_describe___wbg_new_aa20cc9c60a92da7",
    "__wbindgen_describe___wbg_new_aa4adaf3cdaf88c2",
    "__wbindgen_describe___wbg_new_ab00003578792a1e",
    "__wbindgen_describe___wbg_new_ac388cc2b9ba19c9",
    "__wbindgen_describe___wbg_new_ac7361beaf933ba6",
    "__wbindgen_describe___wbg_new_af9ebc0a1c54f55f",
    "__wbindgen_describe___wbg_new_b8892b29da3e1f4f",
    "__wbindgen_describe___wbg_new_ba337b0c048e6014",
    "__wbindgen_describe___wbg_new_c089ac7d48bbf93a",
    "__wbindgen_describe___wbg_new_c2872716d0cc354c",
    "__wbindgen_describe___wbg_new_c439213579c043d3",
    "__wbindgen_describe___wbg_new_cb14c6d72298a8c8",
    "__wbindgen_describe___wbg_new_cf5f1f8c5ebda1ac",
    "__wbindgen_describe___wbg_new_d49e35d9d5142542",
    "__wbindgen_describe___wbg_new_de0214e5bc5836dd",
    "__wbindgen_describe___wbg_new_e29fad1ece259065",
    "__wbindgen_describe___wbg_new_e2d07398d7689006",
    "__wbindgen_describe___wbg_newfromstr_f6a7be93b8a9fa6d",
    "__wbindgen_describe___wbg_newnoargs_a136448eeb7d48ac",
    "__wbindgen_describe___wbg_newregexp_5893d9e66322afcb",
    "__wbindgen_describe___wbg_newwithargs_f89ab26432777474",
    "__wbindgen_describe___wbg_newwithbyteoffset_2a752454e177c8af",
    "__wbindgen_describe___wbg_newwithbyteoffset_4318e8a7b28181c1",
    "__wbindgen_describe___wbg_newwithbyteoffset_68bb40d9b4639a86",
    "__wbindgen_describe___wbg_newwithbyteoffset_77e94797c1745e33",
    "__wbindgen_describe___wbg_newwithbyteoffset_7d3513b9864dcbc8",
    "__wbindgen_describe___wbg_newwithbyteoffset_bc8f799ea6f2baa6",
    "__wbindgen_describe___wbg_newwithbyteoffset_bd20cf48adb34860",
    "__wbindgen_describe___wbg_newwithbyteoffset_c3d6fca3558b6d30",
    "__wbindgen_describe___wbg_newwithbyteoffset_cf2bbc2c9a0348b3",
    "__wbindgen_describe___wbg_newwithbyteoffset_e6cc486b4c220bf5",
    "__wbindgen_describe___wbg_newwithbyteoffset_f5f7906f89fe5f95",
    "__wbindgen_describe___wbg_newwithbyteoffsetandlength_0b992ad3c87c92aa",
    "__wbindgen_describe___wbg_newwithbyteoffsetandlength_2fa19007d9d7a9a8",
    "__wbindgen_describe___wbg_newwithbyteoffsetandlength_3a98458a53e22262",
    "__wbindgen_describe___wbg_newwithbyteoffsetandlength_47fa079c1b326b76",
    "__wbindgen_describe___wbg_newwithbyteoffsetandlength_59d89a22b0995472",
    "__wbindgen_describe___wbg_newwithbyteoffsetandlength_5d942bb3843f29c4",
    "__wbindgen_describe___wbg_newwithbyteoffsetandlength_84908302a4c137cf",
    "__wbindgen_describe___wbg_newwithbyteoffsetandlength_958d61afe64d3137",
    "__wbindgen_describe___wbg_newwithbyteoffsetandlength_b309cd45834c831c",
    "__wbindgen_describe___wbg_newwithbyteoffsetandlength_e150e2b6f5c9ae79",
    "__wbindgen_describe___wbg_newwithbyteoffsetandlength_eb3d68e22b1ac3b7",
    "__wbindgen_describe___wbg_newwithlength_0420d798b73b930c",
    "__wbindgen_describe___wbg_newwithlength_04767c67bed856f5",
    "__wbindgen_describe___wbg_newwithlength_076981a2f36e4676",
    "__wbindgen_describe___wbg_newwithlength_1efb4a1a79af5a72",
    "__wbindgen_describe___wbg_newwithlength_4c216eaaf23f2f9a",
    "__wbindgen_describe___wbg_newwithlength_56be05099517721d",
    "__wbindgen_describe___wbg_newwithlength_6ef5937c5e68ac48",
    "__wbindgen_describe___wbg_newwithlength_7ef3a963f12bde6c",
    "__wbindgen_describe___wbg_newwithlength_88b49de1eb24d63e",
    "__wbindgen_describe___wbg_newwithlength_ab9812e358353798",
    "__wbindgen_describe___wbg_newwithlength_bdb96ae7fcc3caf8",
    "__wbindgen_describe___wbg_newwithlength_f76e8d536f7a996d",
    "__wbindgen_describe___wbg_newwithoptbuffersource_45df68f58d640945",
    "__wbindgen_describe___wbg_newwithoptions_4a88b19008de7922",
    "__wbindgen_describe___wbg_newwithoptions_ee3965236b34e6d8",
    "__wbindgen_describe___wbg_newwithoptreadablestream_9f7e665c8d220475",
    "__wbindgen_describe___wbg_newwithoptstr_18d8562c0b497c7a",
    "__wbindgen_describe___wbg_newwithoptu8array_2cd72768d6dc37d3",
    "__wbindgen_describe___wbg_newwithrequest_db20aa76f2c6e16c",
    "__wbindgen_describe___wbg_newwithsharedarraybuffer_c64bd9494db5ea3e",
    "__wbindgen_describe___wbg_newwithstr_53c38a275b729998",
    "__wbindgen_describe___wbg_newwithtransformer_975dd7c42995b71d",
    "__wbindgen_describe___wbg_newwithtransformerandwritablestrategy_b5b6bdbdcfeb0e0a",
    "__wbindgen_describe___wbg_newwithtransformerandwritablestrategyandreadablestrategy_f14b586305c04a0a",
    "__wbindgen_describe___wbg_newwithunderlyingsink_ff7e8e919f973c70",
    "__wbindgen_describe___wbg_newwithunderlyingsinkandstrategy_7783876f8a06c510",
    "__wbindgen_describe___wbg_newwithunderlyingsource_49184f4074cee63f",
    "__wbindgen_describe___wbg_newwithunderlyingsourceandstrategy_c0a40f8702ac88ed",
    "__wbindgen_describe___wbg_newwithyearmonth_3cfc40cd4e4478d5",
    "__wbindgen_describe___wbg_newwithyearmonthday_e1f966e7659f278e",
    "__wbindgen_describe___wbg_newwithyearmonthdayhr_29d9ee0fec145cf0",
    "__wbindgen_describe___wbg_newwithyearmonthdayhrmin_28fcc808938832ac",
    "__wbindgen_describe___wbg_newwithyearmonthdayhrminsec_47c401751bfe84ee",
    "__wbindgen_describe___wbg_newwithyearmonthdayhrminsecmilli_4f2236926e555da4",
    "__wbindgen_describe___wbg_next_928df8c15fc0c9b0",
    "__wbindgen_describe___wbg_next_9dc0926f351c7090",
    "__wbindgen_describe___wbg_next_e5561a5200527508",
    "__wbindgen_describe___wbg_next_fb6963863a902553",
    "__wbindgen_describe___wbg_normalize_7a5f41d11cd9c7c8",
    "__wbindgen_describe___wbg_notify_5e04389afd710fb7",
    "__wbindgen_describe___wbg_notify_8f3ad17456a7610d",
    "__wbindgen_describe___wbg_now_c58794884eef001c",
    "__wbindgen_describe___wbg_of_894f51209b51cdf4",
    "__wbindgen_describe___wbg_of_968f342775805f3a",
    "__wbindgen_describe___wbg_of_9ae148630d6a76d9",
    "__wbindgen_describe___wbg_of_aa8ce5dda0a8b77e",
    "__wbindgen_describe___wbg_of_e50cd0201df50c33",
    "__wbindgen_describe___wbg_ok_40e46c7207fc9187",
    "__wbindgen_describe___wbg_onabort_cdd6331f6ee6d9f3",
    "__wbindgen_describe___wbg_onabort_ddb9054ac3396e0e",
    "__wbindgen_describe___wbg_onafterprint_ba65264b612dd4f7",
    "__wbindgen_describe___wbg_onanimationcancel_b81a648813368aef",
    "__wbindgen_describe___wbg_onanimationend_a2aed4d6d4508a96",
    "__wbindgen_describe___wbg_onanimationiteration_558483e96218009c",
    "__wbindgen_describe___wbg_onanimationstart_0f7d62412baef44e",
    "__wbindgen_describe___wbg_onappinstalled_d3d052fc2b8ed1bc",
    "__wbindgen_describe___wbg_onauxclick_e2af5682786da063",
    "__wbindgen_describe___wbg_onbeforeprint_57c1a01093988b67",
    "__wbindgen_describe___wbg_onbeforeunload_61769077bf704041",
    "__wbindgen_describe___wbg_onblur_9dfc323e88544e31",
    "__wbindgen_describe___wbg_oncanplay_60a73fdf6ea728ae",
    "__wbindgen_describe___wbg_oncanplaythrough_299788189fa650c1",
    "__wbindgen_describe___wbg_onchange_7cb88404bc8156dc",
    "__wbindgen_describe___wbg_onclick_3841280874d3c7b3",
    "__wbindgen_describe___wbg_onclose_de8827eca8f21bfa",
    "__wbindgen_describe___wbg_oncontextmenu_04cfc685a20a30e6",
    "__wbindgen_describe___wbg_ondblclick_cf620979134b8de8",
    "__wbindgen_describe___wbg_ondrag_60d6e3efd7a03286",
    "__wbindgen_describe___wbg_ondragend_8d6bd7eaf778fc55",
    "__wbindgen_describe___wbg_ondragenter_16f510bde2c10c76",
    "__wbindgen_describe___wbg_ondragexit_0bbbedba67a09325",
    "__wbindgen_describe___wbg_ondragleave_579ae9c5036a0789",
    "__wbindgen_describe___wbg_ondragover_b9a8c01746c34762",
    "__wbindgen_describe___wbg_ondragstart_00f6b472da18df71",
    "__wbindgen_describe___wbg_ondrop_f559bc4d568e5a0a",
    "__wbindgen_describe___wbg_ondurationchange_9cb468b64d7a9c8f",
    "__wbindgen_describe___wbg_onemptied_ab06ae4384429a75",
    "__wbindgen_describe___wbg_onended_ebc9874c77370f90",
    "__wbindgen_describe___wbg_onerror_bfeed760845be1cf",
    "__wbindgen_describe___wbg_onfocus_172afbed977843b1",
    "__wbindgen_describe___wbg_ongotpointercapture_ad0742678a52bf6d",
    "__wbindgen_describe___wbg_onhashchange_2f1f379b64c0f7d6",
    "__wbindgen_describe___wbg_oninput_9fb4cb8c34c633df",
    "__wbindgen_describe___wbg_oninvalid_8d19b06e753eb81e",
    "__wbindgen_describe___wbg_onkeydown_b78fa501749211f2",
    "__wbindgen_describe___wbg_onkeypress_0a83caca8c49c01a",
    "__wbindgen_describe___wbg_onkeyup_c12b36b9d9a530bf",
    "__wbindgen_describe___wbg_onlanguagechange_ef2a56df6ac1d8b0",
    "__wbindgen_describe___wbg_onload_f6032b198dd222eb",
    "__wbindgen_describe___wbg_onloadeddata_69b8defa0305747f",
    "__wbindgen_describe___wbg_onloadedmetadata_8ac1781677976639",
    "__wbindgen_describe___wbg_onloadend_d069caffbeb1566e",
    "__wbindgen_describe___wbg_onloadstart_bfce84ac25e4c293",
    "__wbindgen_describe___wbg_onlostpointercapture_087525e9a92b4350",
    "__wbindgen_describe___wbg_onmessage_88c44f5dbedf22f5",
    "__wbindgen_describe___wbg_onmessageerror_b869ae0028f0f997",
    "__wbindgen_describe___wbg_onmousedown_6b4cd0234eeab435",
    "__wbindgen_describe___wbg_onmouseenter_86d0072a42f517bd",
    "__wbindgen_describe___wbg_onmouseleave_7ed4d8625c201f54",
    "__wbindgen_describe___wbg_onmousemove_296f4f24d37d3489",
    "__wbindgen_describe___wbg_onmouseout_6b627c5d718f476f",
    "__wbindgen_describe___wbg_onmouseover_4974e5a017eba706",
    "__wbindgen_describe___wbg_onmouseup_51cd6d724b7f6fba",
    "__wbindgen_describe___wbg_onoffline_93cd2b61b42605b2",
    "__wbindgen_describe___wbg_ononline_a89ec2e8e9ab00bb",
    "__wbindgen_describe___wbg_onorientationchange_04656558d62c4c06",
    "__wbindgen_describe___wbg_onpagehide_a1fba1fec058e5c7",
    "__wbindgen_describe___wbg_onpageshow_d3fa60c6b4a90030",
    "__wbindgen_describe___wbg_onpause_236648f904ca7a0a",
    "__wbindgen_describe___wbg_onplay_03331d421d33f137",
    "__wbindgen_describe___wbg_onplaying_0c71cfaa754ef3e0",
    "__wbindgen_describe___wbg_onpointercancel_6f4461ff4fdee3d6",
    "__wbindgen_describe___wbg_onpointerdown_0af47beccd115a12",
    "__wbindgen_describe___wbg_onpointerenter_7dbcccce1f4a3ce2",
    "__wbindgen_describe___wbg_onpointerleave_0de8222905620efd",
    "__wbindgen_describe___wbg_onpointermove_62f857c8f9aa9adb",
    "__wbindgen_describe___wbg_onpointerout_528017b1ae17ceeb",
    "__wbindgen_describe___wbg_onpointerover_174c2e97b9fec356",
    "__wbindgen_describe___wbg_onpointerup_fea0a452093b9508",
    "__wbindgen_describe___wbg_onpopstate_e924f98467745008",
    "__wbindgen_describe___wbg_onprogress_eb54df6e9c5df4c4",
    "__wbindgen_describe___wbg_onratechange_4b2393f996565ead",
    "__wbindgen_describe___wbg_onreset_f2c948f2bf2072e3",
    "__wbindgen_describe___wbg_onresize_0ba52815df3011aa",
    "__wbindgen_describe___wbg_onscroll_efd02dd44094d136",
    "__wbindgen_describe___wbg_onseeked_dc615125b8aa6b00",
    "__wbindgen_describe___wbg_onseeking_6f2d4f0db27d44a0",
    "__wbindgen_describe___wbg_onselect_3129305aaeb1a207",
    "__wbindgen_describe___wbg_onselectstart_fa18490b5c0ebd9b",
    "__wbindgen_describe___wbg_onshow_181ee2af147955ff",
    "__wbindgen_describe___wbg_onstalled_db0c0b966789430d",
    "__wbindgen_describe___wbg_onstorage_cdc19e6901a69054",
    "__wbindgen_describe___wbg_onsubmit_bbcbc795844a2d9c",
    "__wbindgen_describe___wbg_onsuspend_6c2ddcde0ee559fc",
    "__wbindgen_describe___wbg_ontimeupdate_7a7ee2ddc19645dd",
    "__wbindgen_describe___wbg_ontoggle_a65a9ffe9f866e3e",
    "__wbindgen_describe___wbg_ontouchcancel_586cfda79c3c6ff3",
    "__wbindgen_describe___wbg_ontouchend_6845d346306f8806",
    "__wbindgen_describe___wbg_ontouchmove_e3c5106307963e33",
    "__wbindgen_describe___wbg_ontouchstart_c2c22fcf69387d7e",
    "__wbindgen_describe___wbg_ontransitioncancel_79e823965eff9670",
    "__wbindgen_describe___wbg_ontransitionend_4382dcc995a1f2e7",
    "__wbindgen_describe___wbg_ontransitionrun_f628f562a1a4a27e",
    "__wbindgen_describe___wbg_ontransitionstart_1b38f04e45f6cb44",
    "__wbindgen_describe___wbg_onunload_24b28b0ae2b3aca1",
    "__wbindgen_describe___wbg_onvolumechange_b0797d257bb6fc7f",
    "__wbindgen_describe___wbg_onvrdisplayactivate_042c62bbe0192476",
    "__wbindgen_describe___wbg_onvrdisplayconnect_756635832a0cdb16",
    "__wbindgen_describe___wbg_onvrdisplaydeactivate_43a98f2f96e92d18",
    "__wbindgen_describe___wbg_onvrdisplaydisconnect_ace3e8a0af705c02",
    "__wbindgen_describe___wbg_onvrdisplaypresentchange_d09597e12f54c2d3",
    "__wbindgen_describe___wbg_onwaiting_7d2fbb63929c489e",
    "__wbindgen_describe___wbg_onwebkitanimationend_a1684be0f02df28c",
    "__wbindgen_describe___wbg_onwebkitanimationiteration_149e2b6113b3b4cc",
    "__wbindgen_describe___wbg_onwebkitanimationstart_1d9ba26b9dff6740",
    "__wbindgen_describe___wbg_onwebkittransitionend_d647c90f95170e86",
    "__wbindgen_describe___wbg_onwheel_7afcd5a4acea325d",
    "__wbindgen_describe___wbg_open_34ea34f50b6eb356",
    "__wbindgen_describe___wbg_open_3bbbba97ede2875a",
    "__wbindgen_describe___wbg_open_3c49450a19f70562",
    "__wbindgen_describe___wbg_open_c1ef1ed6b3b823e5",
    "__wbindgen_describe___wbg_opener_5ea4a551c4ec85dd",
    "__wbindgen_describe___wbg_or_0898643c00d6656f",
    "__wbindgen_describe___wbg_or_71200e643d4fdbb8",
    "__wbindgen_describe___wbg_orientation_51c330b101b09550",
    "__wbindgen_describe___wbg_origin_88ee19d350f65302",
    "__wbindgen_describe___wbg_outerHeight_f686c0ae979a7195",
    "__wbindgen_describe___wbg_outerWidth_88237a470f55ba0d",
    "__wbindgen_describe___wbg_ownKeys_b16312a839a4152c",
    "__wbindgen_describe___wbg_padEnd_4396168db52a09a3",
    "__wbindgen_describe___wbg_padStart_e7831630d110915b",
    "__wbindgen_describe___wbg_pageXOffset_b2fb1b063650cfa3",
    "__wbindgen_describe___wbg_pageYOffset_df91eb70948f3731",
    "__wbindgen_describe___wbg_parent_af602685bf9141d7",
    "__wbindgen_describe___wbg_parseFloat_ee7453a1cd031bc9",
    "__wbindgen_describe___wbg_parseFloat_fe3eda422a3ab6e0",
    "__wbindgen_describe___wbg_parseInt_bbbda2e0fc59f8bf",
    "__wbindgen_describe___wbg_parseInt_c9dafd5e7565cffe",
    "__wbindgen_describe___wbg_parse_037c33ab58f9eabf",
    "__wbindgen_describe___wbg_parse_bd09af51fd7dd576",
    "__wbindgen_describe___wbg_parse_bff2b04295ab8774",
    "__wbindgen_describe___wbg_pipeThrough_25a4758da5b6fd10",
    "__wbindgen_describe___wbg_pipeThrough_6fd3d28618b5ee83",
    "__wbindgen_describe___wbg_pipeTo_344c936619fe6c5c",
    "__wbindgen_describe___wbg_pipeTo_6da913c87e209eaf",
    "__wbindgen_describe___wbg_pop_995c54787d50d46a",
    "__wbindgen_describe___wbg_postMessage_21e5307deb0b3637",
    "__wbindgen_describe___wbg_postMessage_5908480624bc5c1c",
    "__wbindgen_describe___wbg_pow_f6a429a266799feb",
    "__wbindgen_describe___wbg_preventExtensions_48681c165a588a8d",
    "__wbindgen_describe___wbg_preventExtensions_8db57a2022e01ac1",
    "__wbindgen_describe___wbg_print_8a647cddd7661db5",
    "__wbindgen_describe___wbg_profileEnd_03ee7be627f91456",
    "__wbindgen_describe___wbg_profileEnd_0b22e0a40cac3cb3",
    "__wbindgen_describe___wbg_profileEnd_0fafef94ed9a60c6",
    "__wbindgen_describe___wbg_profileEnd_2ee7d52e2eba03a2",
    "__wbindgen_describe___wbg_profileEnd_7a765de456edfc8b",
    "__wbindgen_describe___wbg_profileEnd_8fd831c24526f5f2",
    "__wbindgen_describe___wbg_profileEnd_b846849251b29f7a",
    "__wbindgen_describe___wbg_profileEnd_c4cb7737bc1b5868",
    "__wbindgen_describe___wbg_profileEnd_ef9b09516aa829de",
    "__wbindgen_describe___wbg_profile_0f0ebf2564a3ec7e",
    "__wbindgen_describe___wbg_profile_726ee17fdcef15d2",
    "__wbindgen_describe___wbg_profile_7bdd5a4ca8b6d14b",
    "__wbindgen_describe___wbg_profile_82bc96c13ccca099",
    "__wbindgen_describe___wbg_profile_904fd2775d93407a",
    "__wbindgen_describe___wbg_profile_c9d62f0b22fc2790",
    "__wbindgen_describe___wbg_profile_f2346b55c83ab8f7",
    "__wbindgen_describe___wbg_profile_f4ccfa012cc31263",
    "__wbindgen_describe___wbg_profile_fa8867aae462bfe8",
    "__wbindgen_describe___wbg_prompt_03f58240fdc09635",
    "__wbindgen_describe___wbg_prompt_82a90487a6e28350",
    "__wbindgen_describe___wbg_prompt_faa03649cb34b5b0",
    "__wbindgen_describe___wbg_propertyIsEnumerable_e1dca0642d910811",
    "__wbindgen_describe___wbg_push_e7d7247e69dad3ee",
    "__wbindgen_describe___wbg_queueMicrotask_6808622725a52272",
    "__wbindgen_describe___wbg_queueMicrotask_ef0e86b0263a71ee",
    "__wbindgen_describe___wbg_race_1fb8e3b144664176",
    "__wbindgen_describe___wbg_random_df2ed13e2280157e",
    "__wbindgen_describe___wbg_raw_1d1250f057632041",
    "__wbindgen_describe___wbg_raw_27dbbb914e5a5d50",
    "__wbindgen_describe___wbg_raw_46f489dec7226688",
    "__wbindgen_describe___wbg_raw_5c93d88c10bf75b5",
    "__wbindgen_describe___wbg_raw_6cc8d4030bf90acf",
    "__wbindgen_describe___wbg_raw_721d7aa2e8187aa7",
    "__wbindgen_describe___wbg_raw_7ca307e5fb137176",
    "__wbindgen_describe___wbg_raw_860688eb80a2d244",
    "__wbindgen_describe___wbg_raw_cbbaa3fb8984dd7d",
    "__wbindgen_describe___wbg_read_7deb419b3163d9dd",
    "__wbindgen_describe___wbg_read_aa3cf9131331a258",
    "__wbindgen_describe___wbg_readable_ec1d21ec9842b0a5",
    "__wbindgen_describe___wbg_ready_f200b4ed324cb8d7",
    "__wbindgen_describe___wbg_redirect_03db03dd1c12d3bf",
    "__wbindgen_describe___wbg_redirect_7b33f70c7b941e8b",
    "__wbindgen_describe___wbg_redirected_7faa171d4d27859e",
    "__wbindgen_describe___wbg_reduceRight_320e5d6d4b37303a",
    "__wbindgen_describe___wbg_reduce_e1b107a17a811286",
    "__wbindgen_describe___wbg_referrer_eeaab2de946191fc",
    "__wbindgen_describe___wbg_reject_fd3a67e45841ae99",
    "__wbindgen_describe___wbg_releaseEvents_dd6e0a7828e7db26",
    "__wbindgen_describe___wbg_releaseLock_463e0ad6c9bde1e8",
    "__wbindgen_describe___wbg_releaseLock_5476e4c9b8203e58",
    "__wbindgen_describe___wbg_releaseLock_d05f81039c2819d1",
    "__wbindgen_describe___wbg_removeEventListener_a689e1d3f78c8d6c",
    "__wbindgen_describe___wbg_removeEventListener_f95c8e9b76e38e41",
    "__wbindgen_describe___wbg_repeat_8c695ca1a9b715bb",
    "__wbindgen_describe___wbg_replaceAll_7b1b5a62424176c7",
    "__wbindgen_describe___wbg_replaceAll_86c7c3a784efa790",
    "__wbindgen_describe___wbg_replaceAll_a5d11f67d8147620",
    "__wbindgen_describe___wbg_replaceAll_f14902f9f8279707",
    "__wbindgen_describe___wbg_replace_8402cf35eabbc820",
    "__wbindgen_describe___wbg_replace_989b6bff110a979b",
    "__wbindgen_describe___wbg_replace_a23829cd8e8fbb59",
    "__wbindgen_describe___wbg_replace_a86134e1778282b7",
    "__wbindgen_describe___wbg_replace_cf946366610ad1a2",
    "__wbindgen_describe___wbg_requestAnimationFrame_10b343047ff65a80",
    "__wbindgen_describe___wbg_requestIdleCallback_1d97b3ed8717dc1d",
    "__wbindgen_describe___wbg_resizeBy_2a99e5f62b775041",
    "__wbindgen_describe___wbg_resizeTo_9fc521f8b28937b1",
    "__wbindgen_describe___wbg_resolve_267ff08e7e1d2ce4",
    "__wbindgen_describe___wbg_resolvedOptions_3d345d8b54a4d098",
    "__wbindgen_describe___wbg_resolvedOptions_68c3f52e59a4e88a",
    "__wbindgen_describe___wbg_resolvedOptions_73d48ef2e9b809e1",
    "__wbindgen_describe___wbg_resolvedOptions_e04b6f8163795067",
    "__wbindgen_describe___wbg_resolvedOptions_f94335d7d71e908d",
    "__wbindgen_describe___wbg_respondWithNewView_95349ee45239b6c4",
    "__wbindgen_describe___wbg_respondWithNewView_e37a27337dbed545",
    "__wbindgen_describe___wbg_respond_37936193ac794ffe",
    "__wbindgen_describe___wbg_respond_86cfbbde70fd3225",
    "__wbindgen_describe___wbg_return_a66588f6901f1629",
    "__wbindgen_describe___wbg_reverse_de1cce1c21d06bf7",
    "__wbindgen_describe___wbg_revocable_af9695e939917021",
    "__wbindgen_describe___wbg_rightContext_5d68b3abf6445551",
    "__wbindgen_describe___wbg_round_08e189ced2663429",
    "__wbindgen_describe___wbg_screenX_138048f969bd3a62",
    "__wbindgen_describe___wbg_screenY_ee0cf89a4c39084d",
    "__wbindgen_describe___wbg_scrollBy_9dc74d9ae88aba7b",
    "__wbindgen_describe___wbg_scrollBy_b3bac048cf426e1f",
    "__wbindgen_describe___wbg_scrollTo_133aa8bde52e7eea",
    "__wbindgen_describe___wbg_scrollTo_1bf01bd36079baf3",
    "__wbindgen_describe___wbg_scrollX_3615dc6165bb1f57",
    "__wbindgen_describe___wbg_scrollY_f4b811de2fd05c42",
    "__wbindgen_describe___wbg_scroll_82f5d441b2fde67f",
    "__wbindgen_describe___wbg_scroll_f899c42101af1ee7",
    "__wbindgen_describe___wbg_seal_049f9eadde42fd9b",
    "__wbindgen_describe___wbg_search_04ac0d5602d903a3",
    "__wbindgen_describe___wbg_search_97bf2c2237921618",
    "__wbindgen_describe___wbg_select_ad49474f520f61ef",
    "__wbindgen_describe___wbg_self_cbb3ed05c2da8556",
    "__wbindgen_describe___wbg_self_cca3ca60d61220f4",
    "__wbindgen_describe___wbg_setDate_194183a18260f619",
    "__wbindgen_describe___wbg_setFloat32_9343f6a20c17b686",
    "__wbindgen_describe___wbg_setFloat32_ffb62d9a11f46c83",
    "__wbindgen_describe___wbg_setFloat64_842c64b1e72bd83a",
    "__wbindgen_describe___wbg_setFloat64_c0a9a50561819606",
    "__wbindgen_describe___wbg_setFullYear_6d18b68ade86214a",
    "__wbindgen_describe___wbg_setFullYear_803dff1a64974eab",
    "__wbindgen_describe___wbg_setFullYear_f27e9b9e250969ce",
    "__wbindgen_describe___wbg_setHours_19279c3ee40588e9",
    "__wbindgen_describe___wbg_setInt16_0a181a25242d3330",
    "__wbindgen_describe___wbg_setInt16_46512c71a89a16d4",
    "__wbindgen_describe___wbg_setInt32_195dc7df134b97ac",
    "__wbindgen_describe___wbg_setInt32_5faa6693b0d2c55a",
    "__wbindgen_describe___wbg_setInt8_4098b814ab9c1212",
    "__wbindgen_describe___wbg_setInterval_1232a314e2d5a454",
    "__wbindgen_describe___wbg_setInterval_16565a57b259b3dd",
    "__wbindgen_describe___wbg_setInterval_1ae00856fcbb9a25",
    "__wbindgen_describe___wbg_setInterval_29ffe45fca55c548",
    "__wbindgen_describe___wbg_setInterval_362898f8321c5abe",
    "__wbindgen_describe___wbg_setInterval_36898c845ef10a67",
    "__wbindgen_describe___wbg_setInterval_55f50ede103e3d4c",
    "__wbindgen_describe___wbg_setInterval_694e14b5a98fd7f9",
    "__wbindgen_describe___wbg_setInterval_700c016803ec852b",
    "__wbindgen_describe___wbg_setInterval_96362b8cb60936e4",
    "__wbindgen_describe___wbg_setInterval_9a9cf7d166bef92f",
    "__wbindgen_describe___wbg_setInterval_a006fb665fc944d6",
    "__wbindgen_describe___wbg_setInterval_cce0b15d8cabcaf1",
    "__wbindgen_describe___wbg_setInterval_d5ae5a2014cd28f4",
    "__wbindgen_describe___wbg_setInterval_d617537becd7a32f",
    "__wbindgen_describe___wbg_setInterval_edc095913a9b669c",
    "__wbindgen_describe___wbg_setInterval_ef591b3c16362bf9",
    "__wbindgen_describe___wbg_setInterval_f7115ab7ad50063c",
    "__wbindgen_describe___wbg_setInterval_fc3517b48c8d03f1",
    "__wbindgen_describe___wbg_setInterval_fe9e7bde275e6677",
    "__wbindgen_describe___wbg_setMilliseconds_01c383cf94bc6845",
    "__wbindgen_describe___wbg_setMinutes_792d486b966e0e17",
    "__wbindgen_describe___wbg_setMonth_3c0c8f0a0a9f6d00",
    "__wbindgen_describe___wbg_setPrototypeOf_124b8b6dd2c9277d",
    "__wbindgen_describe___wbg_setPrototypeOf_19011c244509b468",
    "__wbindgen_describe___wbg_setSeconds_3dca9c7a4bd4bffc",
    "__wbindgen_describe___wbg_setTime_9066d32ad407af82",
    "__wbindgen_describe___wbg_setTimeout_00919d54e56e4a78",
    "__wbindgen_describe___wbg_setTimeout_0d99fae7874b37b3",
    "__wbindgen_describe___wbg_setTimeout_13e9df08f127cbbd",
    "__wbindgen_describe___wbg_setTimeout_285e7cc418225acf",
    "__wbindgen_describe___wbg_setTimeout_3252f08858c90488",
    "__wbindgen_describe___wbg_setTimeout_32d3758b0ca23aed",
    "__wbindgen_describe___wbg_setTimeout_335f1af273c806e2",
    "__wbindgen_describe___wbg_setTimeout_3ca95979e53fb1b0",
    "__wbindgen_describe___wbg_setTimeout_52a043b0e698689c",
    "__wbindgen_describe___wbg_setTimeout_537594489e549b79",
    "__wbindgen_describe___wbg_setTimeout_58ae5a2ab691ce6c",
    "__wbindgen_describe___wbg_setTimeout_6df324716341753a",
    "__wbindgen_describe___wbg_setTimeout_7364625962019231",
    "__wbindgen_describe___wbg_setTimeout_9f18f61716c8471a",
    "__wbindgen_describe___wbg_setTimeout_a9dd228efd4a3ee9",
    "__wbindgen_describe___wbg_setTimeout_bb213f723b4bd2e5",
    "__wbindgen_describe___wbg_setTimeout_e1f4cbec8e2aa043",
    "__wbindgen_describe___wbg_setTimeout_e9a78dc407992e7f",
    "__wbindgen_describe___wbg_setTimeout_f55d3f92b3b37e73",
    "__wbindgen_describe___wbg_setTimeout_fde517d73e445df7",
    "__wbindgen_describe___wbg_setUTCDate_946a0d59fe87a736",
    "__wbindgen_describe___wbg_setUTCFullYear_10117c6fcf91bf2c",
    "__wbindgen_describe___wbg_setUTCFullYear_42ed2f61c0c93c85",
    "__wbindgen_describe___wbg_setUTCFullYear_f5e97884969d5193",
    "__wbindgen_describe___wbg_setUTCHours_d5d28ceb33dbc7a1",
    "__wbindgen_describe___wbg_setUTCMilliseconds_71c5f2a011cee174",
    "__wbindgen_describe___wbg_setUTCMinutes_a9081b95c389e42b",
    "__wbindgen_describe___wbg_setUTCMonth_84264640b52e34a4",
    "__wbindgen_describe___wbg_setUTCSeconds_03c23e090ff39b23",
    "__wbindgen_describe___wbg_setUint16_3d8c3a7bd0580817",
    "__wbindgen_describe___wbg_setUint16_7b5ab6d7046eae22",
    "__wbindgen_describe___wbg_setUint32_193bdfa9bd572cc3",
    "__wbindgen_describe___wbg_setUint32_2726c9067eca9128",
    "__wbindgen_describe___wbg_setUint8_cb378b59e8d99d0d",
    "__wbindgen_describe___wbg_set_017a09e6c4bfab7b",
    "__wbindgen_describe___wbg_set_193ad882413e2c7e",
    "__wbindgen_describe___wbg_set_1b50d2de855a9d50",
    "__wbindgen_describe___wbg_set_393f510a6b7e9da5",
    "__wbindgen_describe___wbg_set_5deee49b10b2b780",
    "__wbindgen_describe___wbg_set_61652ef8d8091edf",
    "__wbindgen_describe___wbg_set_682e6e997e17e6df",
    "__wbindgen_describe___wbg_set_70cf1c2a6c25e8b0",
    "__wbindgen_describe___wbg_set_83f86cd836194962",
    "__wbindgen_describe___wbg_set_89185d4880c5dec8",
    "__wbindgen_describe___wbg_set_9098fff58a05d503",
    "__wbindgen_describe___wbg_set_93ba9407b5476ec6",
    "__wbindgen_describe___wbg_set_9b1e84dff82fe1eb",
    "__wbindgen_describe___wbg_set_ac26b6bdc08ba3ab",
    "__wbindgen_describe___wbg_set_b80877dc8e3ea97c",
    "__wbindgen_describe___wbg_set_c3d7b5ee2e4560ae",
    "__wbindgen_describe___wbg_set_da74bd43a9d7102b",
    "__wbindgen_describe___wbg_set_ee680b251165b1a0",
    "__wbindgen_describe___wbg_set_f8bb90f4d9a2d5bb",
    "__wbindgen_describe___wbg_setcause_4f0c467c6c843e5a",
    "__wbindgen_describe___wbg_setindex_01c26ee8ee590438",
    "__wbindgen_describe___wbg_setindex_0c09bed6c6038b5d",
    "__wbindgen_describe___wbg_setindex_1d6bf37a60167605",
    "__wbindgen_describe___wbg_setindex_2afc46bee0a36bd3",
    "__wbindgen_describe___wbg_setindex_41fd2b5fd90081a6",
    "__wbindgen_describe___wbg_setindex_4f742ef8fc15b535",
    "__wbindgen_describe___wbg_setindex_6a8033f079b53f4c",
    "__wbindgen_describe___wbg_setindex_76b86c48a7fc0d52",
    "__wbindgen_describe___wbg_setindex_a6dd393be26b55be",
    "__wbindgen_describe___wbg_setindex_e0b7b31bfc87ba3f",
    "__wbindgen_describe___wbg_setindex_f4f73090b3e0d7e6",
    "__wbindgen_describe___wbg_setinnerHeight_0c18b0b0e63315b8",
    "__wbindgen_describe___wbg_setinnerWidth_954542443d01cd8c",
    "__wbindgen_describe___wbg_setlastindex_a6d4d4558b4df5e5",
    "__wbindgen_describe___wbg_setlength_0a1633fb84d19509",
    "__wbindgen_describe___wbg_setmessage_bb2083d2da37bd63",
    "__wbindgen_describe___wbg_setname_9c986bca0e1b196b",
    "__wbindgen_describe___wbg_setname_bed70d005fa100cb",
    "__wbindgen_describe___wbg_setonabort_0727529c5bab5114",
    "__wbindgen_describe___wbg_setonabort_59109c8102b19e85",
    "__wbindgen_describe___wbg_setonafterprint_c1278dbcd4dfa205",
    "__wbindgen_describe___wbg_setonanimationcancel_ed766718fa8e4d66",
    "__wbindgen_describe___wbg_setonanimationend_e2830bcb8131d1fa",
    "__wbindgen_describe___wbg_setonanimationiteration_00513a9e9a6c0513",
    "__wbindgen_describe___wbg_setonanimationstart_146150668b3ccb51",
    "__wbindgen_describe___wbg_setonappinstalled_e83925d579e31648",
    "__wbindgen_describe___wbg_setonauxclick_a8168b69460e9fc8",
    "__wbindgen_describe___wbg_setonbeforeprint_7616ec01e79bf589",
    "__wbindgen_describe___wbg_setonbeforeunload_f2f438e404d2cfb8",
    "__wbindgen_describe___wbg_setonblur_b74ab862ffb83d0d",
    "__wbindgen_describe___wbg_setoncanplay_f5c8100b0a88a5a7",
    "__wbindgen_describe___wbg_setoncanplaythrough_98d351e5e6819fe9",
    "__wbindgen_describe___wbg_setonchange_1f6e19bcc5fc484b",
    "__wbindgen_describe___wbg_setonclick_8746995ea2fe9c9d",
    "__wbindgen_describe___wbg_setonclose_7a448db25290bf14",
    "__wbindgen_describe___wbg_setoncontextmenu_5df83e69cd43ce14",
    "__wbindgen_describe___wbg_setondblclick_0f1cd23c319d1b68",
    "__wbindgen_describe___wbg_setondrag_19f1285abf6d2972",
    "__wbindgen_describe___wbg_setondragend_2a450f5ba9dd59d9",
    "__wbindgen_describe___wbg_setondragenter_1746de7964f7900a",
    "__wbindgen_describe___wbg_setondragexit_90fdfa58d76384c5",
    "__wbindgen_describe___wbg_setondragleave_a808abde3bc2909d",
    "__wbindgen_describe___wbg_setondragover_ca456038998c170b",
    "__wbindgen_describe___wbg_setondragstart_f08cc65805b258e8",
    "__wbindgen_describe___wbg_setondrop_3bb7b41d161b30f9",
    "__wbindgen_describe___wbg_setondurationchange_7a0383b316350e9a",
    "__wbindgen_describe___wbg_setonemptied_a8fdbbd937b2558a",
    "__wbindgen_describe___wbg_setonended_2ba0f58735076e28",
    "__wbindgen_describe___wbg_setonerror_97c651cfeefcae3a",
    "__wbindgen_describe___wbg_setonfocus_b1d1d925e38215a3",
    "__wbindgen_describe___wbg_setongotpointercapture_eb26c203a101b86a",
    "__wbindgen_describe___wbg_setonhashchange_fd82f5efcd4a3ac0",
    "__wbindgen_describe___wbg_setoninput_0d08adfd86900855",
    "__wbindgen_describe___wbg_setoninvalid_933b749414f219b8",
    "__wbindgen_describe___wbg_setonkeydown_6c0df695dcd169c6",
    "__wbindgen_describe___wbg_setonkeypress_af00ef844eaada57",
    "__wbindgen_describe___wbg_setonkeyup_50790c3265770d39",
    "__wbindgen_describe___wbg_setonlanguagechange_551cd8597dd55259",
    "__wbindgen_describe___wbg_setonload_81a9e874c37eb4e1",
    "__wbindgen_describe___wbg_setonloadeddata_55be634aea9f08de",
    "__wbindgen_describe___wbg_setonloadedmetadata_0bd23fd8c962f35a",
    "__wbindgen_describe___wbg_setonloadend_15fe85fd42922ca5",
    "__wbindgen_describe___wbg_setonloadstart_2d744b6d14b45d1d",
    "__wbindgen_describe___wbg_setonlostpointercapture_4de2e2f560623164",
    "__wbindgen_describe___wbg_setonmessage_f9108efda23ed5f6",
    "__wbindgen_describe___wbg_setonmessageerror_fd5305bbf58bace3",
    "__wbindgen_describe___wbg_setonmousedown_a2f8282d7e526f1c",
    "__wbindgen_describe___wbg_setonmouseenter_0532187e3b744f56",
    "__wbindgen_describe___wbg_setonmouseleave_8bc9f1ced6aa2795",
    "__wbindgen_describe___wbg_setonmousemove_bd46471bca3bff71",
    "__wbindgen_describe___wbg_setonmouseout_a68cf85079d208e1",
    "__wbindgen_describe___wbg_setonmouseover_5dc88856c700e995",
    "__wbindgen_describe___wbg_setonmouseup_bc70170724c065d3",
    "__wbindgen_describe___wbg_setonoffline_b4ce8312f5ab7721",
    "__wbindgen_describe___wbg_setononline_6c2436c2e92331e9",
    "__wbindgen_describe___wbg_setonorientationchange_1a2d0051e8a4277d",
    "__wbindgen_describe___wbg_setonpagehide_ee8b095ea00d77df",
    "__wbindgen_describe___wbg_setonpageshow_e7b2ae64dfac2caa",
    "__wbindgen_describe___wbg_setonpause_67604f83abbf75f8",
    "__wbindgen_describe___wbg_setonplay_ec90ad0a9829037f",
    "__wbindgen_describe___wbg_setonplaying_b6b470245c054958",
    "__wbindgen_describe___wbg_setonpointercancel_8da3bb73d6b229c3",
    "__wbindgen_describe___wbg_setonpointerdown_a554afb002389360",
    "__wbindgen_describe___wbg_setonpointerenter_bb2449322e2d9da6",
    "__wbindgen_describe___wbg_setonpointerleave_80865b172a1f7dd8",
    "__wbindgen_describe___wbg_setonpointermove_49a50f5a07bc381f",
    "__wbindgen_describe___wbg_setonpointerout_2c768d6df2d19816",
    "__wbindgen_describe___wbg_setonpointerover_28f399b586f2f207",
    "__wbindgen_describe___wbg_setonpointerup_32646ca26f27be50",
    "__wbindgen_describe___wbg_setonpopstate_b864e740d8b9a087",
    "__wbindgen_describe___wbg_setonprogress_a62bb05d799b2b1b",
    "__wbindgen_describe___wbg_setonratechange_6c22fd5726d359b4",
    "__wbindgen_describe___wbg_setonreset_f7378cea22611ad9",
    "__wbindgen_describe___wbg_setonresize_6af67313de9a7bc2",
    "__wbindgen_describe___wbg_setonscroll_5677cb8b6b7433bb",
    "__wbindgen_describe___wbg_setonseeked_1e4447640b148169",
    "__wbindgen_describe___wbg_setonseeking_85c5ba3fd59473fd",
    "__wbindgen_describe___wbg_setonselect_83c142cb7ec38fd3",
    "__wbindgen_describe___wbg_setonselectstart_17d99c1585a51405",
    "__wbindgen_describe___wbg_setonshow_2a7dcd191042c5d7",
    "__wbindgen_describe___wbg_setonstalled_1be7604efd017e04",
    "__wbindgen_describe___wbg_setonstorage_fe68072a89bf53f4",
    "__wbindgen_describe___wbg_setonsubmit_92f033d98909e639",
    "__wbindgen_describe___wbg_setonsuspend_1f22f08dc283ad55",
    "__wbindgen_describe___wbg_setontimeupdate_eace38d512a57b57",
    "__wbindgen_describe___wbg_setontoggle_143c713a147922ea",
    "__wbindgen_describe___wbg_setontouchcancel_12017f5008df9252",
    "__wbindgen_describe___wbg_setontouchend_8e4b3bf4274fb748",
    "__wbindgen_describe___wbg_setontouchmove_45c8f52bb700f52f",
    "__wbindgen_describe___wbg_setontouchstart_19a1f4bcaad4053b",
    "__wbindgen_describe___wbg_setontransitioncancel_44970d28faadc9de",
    "__wbindgen_describe___wbg_setontransitionend_42ca51fdbae57d70",
    "__wbindgen_describe___wbg_setontransitionrun_cf455297353c68f6",
    "__wbindgen_describe___wbg_setontransitionstart_9c1cf4a60f07afc9",
    "__wbindgen_describe___wbg_setonunload_a51e7e8d5efd6591",
    "__wbindgen_describe___wbg_setonvolumechange_f89f7005d9a297c8",
    "__wbindgen_describe___wbg_setonvrdisplayactivate_c8af57549696804a",
    "__wbindgen_describe___wbg_setonvrdisplayconnect_a550214fa25aace0",
    "__wbindgen_describe___wbg_setonvrdisplaydeactivate_c59922af1ba96299",
    "__wbindgen_describe___wbg_setonvrdisplaydisconnect_e9e7f2ab9b8962be",
    "__wbindgen_describe___wbg_setonvrdisplaypresentchange_db313450f76e5f69",
    "__wbindgen_describe___wbg_setonwaiting_e1ae9a3a0b479b9a",
    "__wbindgen_describe___wbg_setonwebkitanimationend_49286e4e87356a70",
    "__wbindgen_describe___wbg_setonwebkitanimationiteration_18f32266b220b4a4",
    "__wbindgen_describe___wbg_setonwebkitanimationstart_899ef19a3400a1b0",
    "__wbindgen_describe___wbg_setonwebkittransitionend_a206bf7770379147",
    "__wbindgen_describe___wbg_setonwheel_9d6475d21909135e",
    "__wbindgen_describe___wbg_setopener_aaa55ccf087698e5",
    "__wbindgen_describe___wbg_setouterHeight_d742b3819d4182e3",
    "__wbindgen_describe___wbg_setouterWidth_b40fa00bb83d2e89",
    "__wbindgen_describe___wbg_setscreenX_c1099701c6acf96a",
    "__wbindgen_describe___wbg_setscreenY_037e8fd00dd06be6",
    "__wbindgen_describe___wbg_setstatus_b41257ef856b96a4",
    "__wbindgen_describe___wbg_setvalue_a5bbd3e57da28810",
    "__wbindgen_describe___wbg_shift_a7e5dc02dab66da4",
    "__wbindgen_describe___wbg_sign_4494c4c53562b7e7",
    "__wbindgen_describe___wbg_signal_435acbf01586e84a",
    "__wbindgen_describe___wbg_signal_473c291d0300a6b8",
    "__wbindgen_describe___wbg_sin_10922b8f7a0257d1",
    "__wbindgen_describe___wbg_sinh_8f8ff28d5f4e4241",
    "__wbindgen_describe___wbg_size_6989bc15bbf5ab2a",
    "__wbindgen_describe___wbg_size_c1521ee62e336bb1",
    "__wbindgen_describe___wbg_slice_1199c1e7a259894f",
    "__wbindgen_describe___wbg_slice_1adc1ec263416332",
    "__wbindgen_describe___wbg_slice_1ce88459a1591604",
    "__wbindgen_describe___wbg_slice_24d987b26449b067",
    "__wbindgen_describe___wbg_slice_3d9fc736c733df19",
    "__wbindgen_describe___wbg_slice_6603f1c726642fa9",
    "__wbindgen_describe___wbg_slice_68c9450ef9a7f4f1",
    "__wbindgen_describe___wbg_slice_77755760ad3b29c2",
    "__wbindgen_describe___wbg_slice_7ec5b6f3dc2cb55f",
    "__wbindgen_describe___wbg_slice_90cae9446e3cd2ea",
    "__wbindgen_describe___wbg_slice_9406252e7431dd19",
    "__wbindgen_describe___wbg_slice_9b37152e84ffae8d",
    "__wbindgen_describe___wbg_slice_a18e825e564c8ff1",
    "__wbindgen_describe___wbg_slice_cca59fd45669b218",
    "__wbindgen_describe___wbg_slice_cfd9be7f38c03624",
    "__wbindgen_describe___wbg_slice_e49af274db5e44a5",
    "__wbindgen_describe___wbg_slice_f1ca189ba12f7add",
    "__wbindgen_describe___wbg_some_b146177112bc12d4",
    "__wbindgen_describe___wbg_sort_d1a0acf9a976ea56",
    "__wbindgen_describe___wbg_source_257de39408de9a0b",
    "__wbindgen_describe___wbg_species_988dcbb528dfc57a",
    "__wbindgen_describe___wbg_splice_34dcf13caf5e72d4",
    "__wbindgen_describe___wbg_split_05212d3cccacd7d0",
    "__wbindgen_describe___wbg_split_485ed23f461314f0",
    "__wbindgen_describe___wbg_split_6c94e52e2e7ee282",
    "__wbindgen_describe___wbg_split_8b0434c32b8535ea",
    "__wbindgen_describe___wbg_split_b4a58f8c02a5b511",
    "__wbindgen_describe___wbg_sqrt_bccf56236c25db70",
    "__wbindgen_describe___wbg_startsWith_7f051ac359335dc9",
    "__wbindgen_describe___wbg_statusText_8306d6e3347fd323",
    "__wbindgen_describe___wbg_status_3341e6517b3b37c2",
    "__wbindgen_describe___wbg_status_f596e12a59e37fac",
    "__wbindgen_describe___wbg_sticky_79dd7cea2cc3363b",
    "__wbindgen_describe___wbg_stop_195a578f95a5b1c5",
    "__wbindgen_describe___wbg_store_49df36289e0720d9",
    "__wbindgen_describe___wbg_store_8a2545f01e342513",
    "__wbindgen_describe___wbg_stringify_4a34a65f0d4e236f",
    "__wbindgen_describe___wbg_stringify_7330cbd04ec4c682",
    "__wbindgen_describe___wbg_stringify_841980d1bf485619",
    "__wbindgen_describe___wbg_stringify_a1a0290ad3dd8025",
    "__wbindgen_describe___wbg_sub_1e0d63d23a68fc77",
    "__wbindgen_describe___wbg_sub_fbb43db5e1df6e3c",
    "__wbindgen_describe___wbg_subarray_0bf3d01f2591cf58",
    "__wbindgen_describe___wbg_subarray_2dc34705c0dc7cdb",
    "__wbindgen_describe___wbg_subarray_33ff777e167553bb",
    "__wbindgen_describe___wbg_subarray_3ea53890c950cf34",
    "__wbindgen_describe___wbg_subarray_646f4f6f8c20a8ab",
    "__wbindgen_describe___wbg_subarray_9cf9e7deddb9136c",
    "__wbindgen_describe___wbg_subarray_b8e2791701c84ba8",
    "__wbindgen_describe___wbg_subarray_b9ca53c777d1edbe",
    "__wbindgen_describe___wbg_subarray_c78b011f087e5530",
    "__wbindgen_describe___wbg_subarray_e22a9d7089c4c306",
    "__wbindgen_describe___wbg_subarray_f79e19d9f748dc63",
    "__wbindgen_describe___wbg_substr_8466b622f710d232",
    "__wbindgen_describe___wbg_substring_5c354778acaf0467",
    "__wbindgen_describe___wbg_supportedLocalesOf_6f10d64b530d3c4d",
    "__wbindgen_describe___wbg_supportedLocalesOf_803e5afefe0d8efc",
    "__wbindgen_describe___wbg_supportedLocalesOf_8665a8226af924af",
    "__wbindgen_describe___wbg_supportedLocalesOf_87d1684dc82afb57",
    "__wbindgen_describe___wbg_supportedLocalesOf_c0ead216b1d03d81",
    "__wbindgen_describe___wbg_table_1758fa6ab101755c",
    "__wbindgen_describe___wbg_table_230b873ba0aafe91",
    "__wbindgen_describe___wbg_table_2ccc28f0b9deb5df",
    "__wbindgen_describe___wbg_table_69330aa7d7682908",
    "__wbindgen_describe___wbg_table_cb756d779c638a09",
    "__wbindgen_describe___wbg_table_d0b6fa1417f7d6a7",
    "__wbindgen_describe___wbg_table_e56ab6e0c6028389",
    "__wbindgen_describe___wbg_table_ea46b85cdb49681a",
    "__wbindgen_describe___wbg_table_f76fbb87a1f9fc9c",
    "__wbindgen_describe___wbg_tan_8ee744a2809da55b",
    "__wbindgen_describe___wbg_tanh_0f03e3699fc7557e",
    "__wbindgen_describe___wbg_tee_889a7343c39036f6",
    "__wbindgen_describe___wbg_terminate_e6e6cd844c0bc340",
    "__wbindgen_describe___wbg_test_850dca2623cd871d",
    "__wbindgen_describe___wbg_text_4960c3ccabb6c25a",
    "__wbindgen_describe___wbg_text_5e353714dfc524d3",
    "__wbindgen_describe___wbg_then_84907e7a6730461e",
    "__wbindgen_describe___wbg_then_db12746ab6cec3f6",
    "__wbindgen_describe___wbg_throw_8c98c02eca5af6c0",
    "__wbindgen_describe___wbg_timeEnd_c0261b7dc052049e",
    "__wbindgen_describe___wbg_timeEnd_d00d8f2945bba4d3",
    "__wbindgen_describe___wbg_timeLog_06b44697ee578f00",
    "__wbindgen_describe___wbg_timeLog_0afa28e65696322d",
    "__wbindgen_describe___wbg_timeLog_21f284afef86ff04",
    "__wbindgen_describe___wbg_timeLog_25c7ef015bcd5348",
    "__wbindgen_describe___wbg_timeLog_36b08b82eaa7d4d0",
    "__wbindgen_describe___wbg_timeLog_3a1463f632f671a4",
    "__wbindgen_describe___wbg_timeLog_4a226f56f9286a5d",
    "__wbindgen_describe___wbg_timeLog_6048fe9e6420de51",
    "__wbindgen_describe___wbg_timeLog_bb2035d62f935c9b",
    "__wbindgen_describe___wbg_timeLog_c2b285832b0f97f7",
    "__wbindgen_describe___wbg_timeStamp_22c7ef1cea6e9623",
    "__wbindgen_describe___wbg_timeStamp_f8e42d905aa7feca",
    "__wbindgen_describe___wbg_time_49a1902f686db049",
    "__wbindgen_describe___wbg_time_d399fe43b7280f32",
    "__wbindgen_describe___wbg_toDateString_493ec278a6c45edd",
    "__wbindgen_describe___wbg_toExponential_611059bd3991ebd9",
    "__wbindgen_describe___wbg_toFixed_90a743c3420d9962",
    "__wbindgen_describe___wbg_toISOString_4268875cff29e15d",
    "__wbindgen_describe___wbg_toJSON_9d6d6ef8d98c226d",
    "__wbindgen_describe___wbg_toLocaleDateString_cf93d405883c8567",
    "__wbindgen_describe___wbg_toLocaleLowerCase_42fdf4b992c67938",
    "__wbindgen_describe___wbg_toLocaleString_047d7251bb196d14",
    "__wbindgen_describe___wbg_toLocaleString_367184185963aa71",
    "__wbindgen_describe___wbg_toLocaleString_63e17e264912cbbe",
    "__wbindgen_describe___wbg_toLocaleString_689d242abd2edcd3",
    "__wbindgen_describe___wbg_toLocaleString_8f898d6bcb6483f4",
    "__wbindgen_describe___wbg_toLocaleTimeString_e225b6dd3c9cad82",
    "__wbindgen_describe___wbg_toLocaleUpperCase_1e1e4d7ff17aeda3",
    "__wbindgen_describe___wbg_toLowerCase_83fe403068f82b6d",
    "__wbindgen_describe___wbg_toPrecision_da1d40102b72db55",
    "__wbindgen_describe___wbg_toPrimitive_4123a636b5e6a4d6",
    "__wbindgen_describe___wbg_toStringTag_19a5044c4c0011e4",
    "__wbindgen_describe___wbg_toString_2a965b6fc5a7e89f",
    "__wbindgen_describe___wbg_toString_3a699183d70d18c0",
    "__wbindgen_describe___wbg_toString_572c57a2bb17dd90",
    "__wbindgen_describe___wbg_toString_5d6267c8d47fff90",
    "__wbindgen_describe___wbg_toString_5eb859e9871e175f",
    "__wbindgen_describe___wbg_toString_976949cf829e9dca",
    "__wbindgen_describe___wbg_toString_c4b1892297418518",
    "__wbindgen_describe___wbg_toString_c97bb3638e548336",
    "__wbindgen_describe___wbg_toString_cd0e898a84b71db3",
    "__wbindgen_describe___wbg_toString_d5ef649a03a35a97",
    "__wbindgen_describe___wbg_toString_fa0eb8e2826a5072",
    "__wbindgen_describe___wbg_toTimeString_cd8786dfe575c326",
    "__wbindgen_describe___wbg_toUTCString_263b1c4704cf52f3",
    "__wbindgen_describe___wbg_toUpperCase_dad5cf4dc3ee796b",
    "__wbindgen_describe___wbg_top_d7354ed469119fa1",
    "__wbindgen_describe___wbg_trace_04e683e452168e85",
    "__wbindgen_describe___wbg_trace_1aed47efc5a62f37",
    "__wbindgen_describe___wbg_trace_20fdb8694df60e02",
    "__wbindgen_describe___wbg_trace_89a2f4d3c6c48c80",
    "__wbindgen_describe___wbg_trace_9ee17bc3893f67cf",
    "__wbindgen_describe___wbg_trace_a9a784f0ee2d3802",
    "__wbindgen_describe___wbg_trace_b484f70985f83124",
    "__wbindgen_describe___wbg_trace_bf1357f2a705e4dd",
    "__wbindgen_describe___wbg_trace_eda46cc7fd296376",
    "__wbindgen_describe___wbg_trimEnd_9294e8ee51e620df",
    "__wbindgen_describe___wbg_trimLeft_a6826c2dfea93cdb",
    "__wbindgen_describe___wbg_trimRight_4ff40f677497f95d",
    "__wbindgen_describe___wbg_trimStart_b55415ff5aded053",
    "__wbindgen_describe___wbg_trim_d147630718af288d",
    "__wbindgen_describe___wbg_trunc_932078bc06a3dd10",
    "__wbindgen_describe___wbg_unescape_a11b2469626b2b73",
    "__wbindgen_describe___wbg_unicode_d1847a853ac0c65a",
    "__wbindgen_describe___wbg_unscopables_3d1d962954c424ac",
    "__wbindgen_describe___wbg_unshift_d6d3ba5218f2d40b",
    "__wbindgen_describe___wbg_url_85ec445900475f48",
    "__wbindgen_describe___wbg_url_af72aa58d8ae19c5",
    "__wbindgen_describe___wbg_validate_5cbc3855eccf5284",
    "__wbindgen_describe___wbg_valueOf_44f57c9d9ab6cbcc",
    "__wbindgen_describe___wbg_valueOf_4f5b774163553172",
    "__wbindgen_describe___wbg_valueOf_7777c2b12423da12",
    "__wbindgen_describe___wbg_valueOf_ba30aa74a13d6b7e",
    "__wbindgen_describe___wbg_valueOf_d94641524bda33f2",
    "__wbindgen_describe___wbg_valueOf_d9b3473098ca7f3d",
    "__wbindgen_describe___wbg_valueOf_ee3ad2a2b6bbdcb5",
    "__wbindgen_describe___wbg_value_2cbd518168a3a1bd",
    "__wbindgen_describe___wbg_value_51f8a88d4a1805fb",
    "__wbindgen_describe___wbg_values_38188fe9e1436c9d",
    "__wbindgen_describe___wbg_values_402539e45714f75d",
    "__wbindgen_describe___wbg_values_47e118e3e2871c79",
    "__wbindgen_describe___wbg_values_9b070f5059e8183e",
    "__wbindgen_describe___wbg_view_97c98cd702be4563",
    "__wbindgen_describe___wbg_waitAsync_363f4ba9f8b25533",
    "__wbindgen_describe___wbg_waitAsync_92aae24675d9be6c",
    "__wbindgen_describe___wbg_waitAsync_adec7c585ff6ffdb",
    "__wbindgen_describe___wbg_waitAsync_d1fef023f750a85f",
    "__wbindgen_describe___wbg_wait_1daa5373ee2fbde8",
    "__wbindgen_describe___wbg_wait_2d1436b1ac62273c",
    "__wbindgen_describe___wbg_wait_34aa5872739b11f9",
    "__wbindgen_describe___wbg_wait_3f3cbab862397aca",
    "__wbindgen_describe___wbg_warn_2271d128c1f1af47",
    "__wbindgen_describe___wbg_warn_30d19939a9b0a712",
    "__wbindgen_describe___wbg_warn_35728b3d54223fd0",
    "__wbindgen_describe___wbg_warn_4f29d3e20ba97cd0",
    "__wbindgen_describe___wbg_warn_7c290d7f36d6a9ad",
    "__wbindgen_describe___wbg_warn_9468334f8acdfb04",
    "__wbindgen_describe___wbg_warn_a7d69e47bea2af81",
    "__wbindgen_describe___wbg_warn_c6dce749fde586ca",
    "__wbindgen_describe___wbg_warn_fecc8e96c5e56fb2",
    "__wbindgen_describe___wbg_wbindgenadd_107c2c07dffd4a27",
    "__wbindgen_describe___wbg_wbindgenbigintgetasi64_ac743ece6ab9bba1",
    "__wbindgen_describe___wbg_wbindgenbitand_24bfc92ff26d44cb",
    "__wbindgen_describe___wbg_wbindgenbitnot_b95d84d33b058495",
    "__wbindgen_describe___wbg_wbindgenbitor_87169f71f306a104",
    "__wbindgen_describe___wbg_wbindgenbitxor_65f312c96910a698",
    "__wbindgen_describe___wbg_wbindgenbooleanget_3fe6f642c7d97746",
    "__wbindgen_describe___wbg_wbindgencbdrop_eb10308566512b88",
    "__wbindgen_describe___wbg_wbindgencheckeddiv_6e41f3fbfc613fee",
    "__wbindgen_describe___wbg_wbindgencopytotypedarray_d105febdb9374ca3",
    "__wbindgen_describe___wbg_wbindgendebugstring_99ef257a3ddda34d",
    "__wbindgen_describe___wbg_wbindgendiv_0c9141f7ca4c5dd5",
    "__wbindgen_describe___wbg_wbindgenexports_699c1a70f8b506ae",
    "__wbindgen_describe___wbg_wbindgenfunctiontable_aa1084b2969a9cbe",
    "__wbindgen_describe___wbg_wbindgenge_6f8affe05481b764",
    "__wbindgen_describe___wbg_wbindgengt_5d4c5d18810de162",
    "__wbindgen_describe___wbg_wbindgenin_d7a1ee10933d2d55",
    "__wbindgen_describe___wbg_wbindgeninitexternreftable_b58b69b41a9bf13a",
    "__wbindgen_describe___wbg_wbindgenisbigint_ecb90cc08a5a9154",
    "__wbindgen_describe___wbg_wbindgenisfalsy_03f4059e2ea4ee87",
    "__wbindgen_describe___wbg_wbindgenisfunction_8cee7dce3725ae74",
    "__wbindgen_describe___wbg_wbindgenisnull_f3037694abe4d97a",
    "__wbindgen_describe___wbg_wbindgenisobject_307a53c6bd97fbf8",
    "__wbindgen_describe___wbg_wbindgenisstring_d4fa939789f003b0",
    "__wbindgen_describe___wbg_wbindgenissymbol_1196ce03a16338bd",
    "__wbindgen_describe___wbg_wbindgenisundefined_c4b71d073b92f3c5",
    "__wbindgen_describe___wbg_wbindgenjsvaleq_e6f2ad59ccae1b58",
    "__wbindgen_describe___wbg_wbindgenjsvallooseeq_9bec8c9be826bed1",
    "__wbindgen_describe___wbg_wbindgenle_975c6b80e296c46d",
    "__wbindgen_describe___wbg_wbindgenlt_544155a2b3097bd5",
    "__wbindgen_describe___wbg_wbindgenmemory_d84da70f7c42d172",
    "__wbindgen_describe___wbg_wbindgenmodule_7e59019f6366ff9c",
    "__wbindgen_describe___wbg_wbindgenmul_e1db88f643e88edd",
    "__wbindgen_describe___wbg_wbindgenneg_3577d8a6fd6fd98b",
    "__wbindgen_describe___wbg_wbindgennumberget_f74b4c7525ac05cb",
    "__wbindgen_describe___wbg_wbindgenpow_a962fc9a1178a0e8",
    "__wbindgen_describe___wbg_wbindgenrem_f823e2e07be281cc",
    "__wbindgen_describe___wbg_wbindgenrethrow_01815c9239d70cc2",
    "__wbindgen_describe___wbg_wbindgenshl_54c6fe049ff902f0",
    "__wbindgen_describe___wbg_wbindgenshr_7d2aae6044c0dab1",
    "__wbindgen_describe___wbg_wbindgenstringget_0f16a6ddddef376f",
    "__wbindgen_describe___wbg_wbindgensub_97654785555c01ea",
    "__wbindgen_describe___wbg_wbindgenthrow_451ec1a8469d7eb6",
    "__wbindgen_describe___wbg_wbindgentryintonumber_aef53fe1d23c5fd4",
    "__wbindgen_describe___wbg_wbindgentypeof_1f52ea6c1d1d7e17",
    "__wbindgen_describe___wbg_wbindgenunsignedshr_e8a392e07d163fcd",
    "__wbindgen_describe___wbg_window_2aba046d3fc4ad7c",
    "__wbindgen_describe___wbg_window_606df4b2e99492f2",
    "__wbindgen_describe___wbg_writable_165e85ff0c5d4258",
    "__wbindgen_describe___wbg_write_1664d5d876ea3fec",
    "__wbindgen_describe___wbg_write_5e15425398dc56c4",
    "__wbindgen_describe___wbg_xor_6bc520c0234573c1",
    "__wbindgen_describe___wbg_xor_75cd01e3205daa39",
    "__wbindgen_describe_print_lazy_loaded_string",
    "__wbindgen_exn_store",
    "__wbindgen_free",
    "__wbindgen_malloc",
    "__wbindgen_realloc",
    "__wbindgen_skip_interpret_calls",
    "memory",
    "print_lazy_loaded_string",
}
